******************************************************************************
                  TI ARM Linker Unix v5.2.6                    
******************************************************************************
>> Linked Wed Mar 16 12:48:14 2016

OUTPUT FILE NAME:   <ece461_p2.out>
ENTRY POINT SYMBOL: "_c_int00"  address: 00001fcd


MEMORY CONFIGURATION

         name            origin    length      used     unused   attr    fill
----------------------  --------  ---------  --------  --------  ----  --------
  MAIN                  00000000   00040000  00002246  0003ddba  R  X
  INFO                  00200000   00004000  00000000  00004000  R  X
  SRAM_CODE             01000000   00010000  00000000  00010000  RW X
  SRAM_DATA             20000000   00010000  00000318  0000fce8  RW  


SEGMENT ALLOCATION MAP

run origin  load origin   length   init length attrs members
----------  ----------- ---------- ----------- ----- -------
00000000    00000000    00002250   00002250    r-x
  00000000    00000000    00000144   00000144    r-- .intvecs
  00000148    00000148    00001fca   00001fca    r-x .text
  00002114    00002114    000000f0   000000f0    r-- .const
  00002208    00002208    00000048   00000048    r-- .cinit
20000000    20000000    00000118   00000000    rw-
  20000000    20000000    000000e4   00000000    rw- .vtable
  200000e4    200000e4    00000020   00000000    rw- .data
  20000104    20000104    00000014   00000000    rw- .bss
2000fe00    2000fe00    00000200   00000000    rw-
  2000fe00    2000fe00    00000200   00000000    rw- .stack


SECTION ALLOCATION MAP

 output                                  attributes/
section   page    origin      length       input sections
--------  ----  ----------  ----------   ----------------
.intvecs   0    00000000    00000144     
                  00000000    00000144     msp432_startup_ccs.obj (.intvecs:retain)

.text      0    00000148    00001fca     
                  00000148    0000090a     i2c.obj (.text)
                  00000a52    00000006     rtsv7M4_T_le_v4SPD16_eabi.lib : copy_decompress_rle.obj (.text:decompress:rle24)
                  00000a58    00000540     gpio.obj (.text)
                  00000f98    00000502     interrupt.obj (.text)
                  0000149a    00000004     rtsv7M4_T_le_v4SPD16_eabi.lib : pre_init.obj (.text)
                  0000149e    00000002     --HOLE-- [fill = 0]
                  000014a0    00000202     HAL_I2C.obj (.text)
                  000016a2    00000006     --HOLE-- [fill = 0]
                  000016a8    000001da     init.obj (.text)
                  00001882    00000006     --HOLE-- [fill = 0]
                  00001888    00000156     alarm.obj (.text)
                  000019de    00000002     --HOLE-- [fill = 0]
                  000019e0    00000146     HAL_OPT3001.obj (.text)
                  00001b26    00000002     --HOLE-- [fill = 0]
                  00001b28    0000011e     fire_alarm.obj (.text)
                  00001c46    00000002     --HOLE-- [fill = 0]
                  00001c48    000000ba     doorbell.obj (.text)
                  00001d02    0000009c     rtsv7M4_T_le_v4SPD16_eabi.lib : memcpy_t2.obj (.text)
                  00001d9e    00000002     --HOLE-- [fill = 0]
                  00001da0    00000086     main.obj (.text)
                  00001e26    0000007a     rtsv7M4_T_le_v4SPD16_eabi.lib : memset_t2.obj (.text)
                  00001ea0    0000006c                                   : autoinit.obj (.text)
                  00001f0c    0000006a                                   : copy_decompress_rle.obj (.text)
                  00001f76    00000002     --HOLE-- [fill = 0]
                  00001f78    00000052     cpu.obj (.text)
                  00001fca    00000002     --HOLE-- [fill = 0]
                  00001fcc    00000050     rtsv7M4_T_le_v4SPD16_eabi.lib : boot.obj (.text)
                  0000201c    0000004c                                   : cpy_tbl.obj (.text)
                  00002068    00000044                                   : exit.obj (.text)
                  000020ac    00000004     --HOLE-- [fill = 0]
                  000020b0    0000001a     msp432_startup_ccs.obj (.text)
                  000020ca    00000002     --HOLE-- [fill = 0]
                  000020cc    00000018     rtsv7M4_T_le_v4SPD16_eabi.lib : args_main.obj (.text)
                  000020e4    00000014                                   : _lock.obj (.text)
                  000020f8    0000000e                                   : copy_decompress_none.obj (.text:decompress:none)
                  00002106    0000000c                                   : copy_zero_init.obj (.text:decompress:ZI)

.const     0    00002114    000000f0     
                  00002114    00000050     interrupt.obj (.const:g_pulRegs)
                  00002164    00000040     interrupt.obj (.const)
                  000021a4    00000030     gpio.obj (.const:GPIO_PORT_TO_BASE)
                  000021d4    0000001c     gpio.obj (.const)
                  000021f0    00000014     HAL_I2C.obj (.const)

.cinit     0    00002208    00000048     
                  00002208    0000000f     (.cinit..data.load) [load image, compression = rle]
                  00002217    00000001     --HOLE-- [fill = 0]
                  00002218    0000000c     (__TI_handler_table)
                  00002224    00000004     --HOLE-- [fill = 0]
                  00002228    00000008     (.cinit..bss.load) [load image, compression = zero_init]
                  00002230    00000008     (.cinit..vtable.load) [load image, compression = zero_init]
                  00002238    00000018     (__TI_cinit_table)

.init_array 
*          0    00000000    00000000     UNINITIALIZED

.vtable    0    20000000    000000e4     UNINITIALIZED
                  20000000    000000e4     interrupt.obj (.vtable)

.data      0    200000e4    00000020     UNINITIALIZED
                  200000e4    00000008     rtsv7M4_T_le_v4SPD16_eabi.lib : _lock.obj (.data)
                  200000ec    00000008                                   : exit.obj (.data)
                  200000f4    00000004     alarm.obj (.data)
                  200000f8    00000004     fire_alarm.obj (.data)
                  200000fc    00000004     main.obj (.data)
                  20000100    00000004     rtsv7M4_T_le_v4SPD16_eabi.lib : stkdepth_vars.obj (.data)

.TI.persistent 
*          0    200000e4    00000000     UNINITIALIZED

.bss       0    20000104    00000014     UNINITIALIZED
                  20000104    00000014     (.common:speed_analysis)

.TI.noinit 
*          0    20000104    00000000     UNINITIALIZED

.stack     0    2000fe00    00000200     UNINITIALIZED
                  2000fe00    00000200     --HOLE--


LINKER GENERATED COPY TABLES

__TI_cinit_table @ 00002238 records: 3, size/record: 8, table size: 24
	.data: load addr=00002208, load size=0000000f bytes, run addr=200000e4, run size=00000020 bytes, compression=rle
	.bss: load addr=00002228, load size=00000008 bytes, run addr=20000104, run size=00000014 bytes, compression=zero_init
	.vtable: load addr=00002230, load size=00000008 bytes, run addr=20000000, run size=000000e4 bytes, compression=zero_init


LINKER GENERATED HANDLER TABLE

__TI_handler_table @ 00002218 records: 3, size/record: 4, table size: 12
	index: 0, handler: __TI_zero_init
	index: 1, handler: __TI_decompress_rle24
	index: 2, handler: __TI_decompress_none


GLOBAL SYMBOLS: SORTED ALPHABETICALLY BY Name 

address   name                                       
-------   ----                                       
00001e19  ADC14IsrHandler                            
00002069  C$$EXIT                                    
00001fc1  CPU_basepriGet                             
00001fb1  CPU_basepriSet                             
00001f79  CPU_cpsid                                  
00001f99  CPU_cpsie                                  
00001f89  CPU_primask                                
00001fa9  CPU_wfi                                    
00000df1  GPIO_clearInterruptFlag                    
00000da1  GPIO_disableInterrupt                      
00000d79  GPIO_enableInterrupt                       
00000e59  GPIO_getEnabledInterruptStatus             
00000d41  GPIO_getInputPinValue                      
00000dc9  GPIO_getInterruptStatus                    
00000e19  GPIO_interruptEdgeSelect                   
00000f41  GPIO_registerInterrupt                     
00000a99  GPIO_setAsInputPin                         
00000c91  GPIO_setAsInputPinWithPullDownResistor     
00000ce9  GPIO_setAsInputPinWithPullUpResistor       
00000a59  GPIO_setAsOutputPin                        
00000b81  GPIO_setAsPeripheralModuleFunctionInputPin 
00000ae9  GPIO_setAsPeripheralModuleFunctionOutputPin
00000ef1  GPIO_setDriveStrengthHigh                  
00000f19  GPIO_setDriveStrengthLow                   
00000c19  GPIO_setOutputHighOnPin                    
00000c41  GPIO_setOutputLowOnPin                     
00000c69  GPIO_toggleOutputOnPin                     
00000f71  GPIO_unregisterInterrupt                   
00000919  I2C_clearInterruptFlag                     
00000901  I2C_disableInterrupt                       
00000209  I2C_disableModule                          
000008c1  I2C_disableMultiMasterMode                 
000008e9  I2C_enableInterrupt                        
000001f1  I2C_enableModule                           
00000899  I2C_enableMultiMasterMode                  
00000949  I2C_getEnabledInterruptStatus              
00000931  I2C_getInterruptStatus                     
00000959  I2C_getMode                                
00000829  I2C_getReceiveBufferAddressForDMA          
00000839  I2C_getTransmitBufferAddressForDMA         
000014b9  I2C_init                                   
00000149  I2C_initMaster                             
000001b1  I2C_initSlave                              
000002c9  I2C_isBusBusy                              
00000861  I2C_masterIsStartSent                      
00000849  I2C_masterIsStopSent                       
00000711  I2C_masterReceiveMultiByteFinish           
00000761  I2C_masterReceiveMultiByteFinishWithTimeout
000006f9  I2C_masterReceiveMultiByteNext             
000007d9  I2C_masterReceiveMultiByteStop             
000007f1  I2C_masterReceiveSingle                    
00000259  I2C_masterReceiveSingleByte                
000006d9  I2C_masterReceiveStart                     
00000561  I2C_masterSendMultiByteFinish              
000005c9  I2C_masterSendMultiByteFinishWithTimeout   
000004d1  I2C_masterSendMultiByteNext                
00000511  I2C_masterSendMultiByteNextWithTimeout     
000003f9  I2C_masterSendMultiByteStart               
00000459  I2C_masterSendMultiByteStartWithTimeout    
00000649  I2C_masterSendMultiByteStop                
00000689  I2C_masterSendMultiByteStopWithTimeout     
000002e1  I2C_masterSendSingleByte                   
00000351  I2C_masterSendSingleByteWithTimeout        
00000881  I2C_masterSendStart                        
000014e9  I2C_read16                                 
00000971  I2C_registerInterrupt                      
00000239  I2C_setMode                                
00000221  I2C_setSlaveAddress                        
00001681  I2C_setslave                               
000002b1  I2C_slaveGetData                           
00000299  I2C_slavePutData                           
000009e9  I2C_unregisterInterrupt                    
00001601  I2C_write16                                
000014a1  Init_I2C_GPIO                              
00001201  Interrupt_disableInterrupt                 
00000fb1  Interrupt_disableMaster                    
00001489  Interrupt_disableSleepOnIsrExit            
00001169  Interrupt_enableInterrupt                  
00000fa1  Interrupt_enableMaster                     
00001471  Interrupt_enableSleepOnIsrExit             
00001139  Interrupt_getPriority                      
00001091  Interrupt_getPriorityGrouping              
00001439  Interrupt_getPriorityMask                  
00001461  Interrupt_getVectorTableAddress            
00001299  Interrupt_isEnabled                        
00001341  Interrupt_pendInterrupt                    
00000fc1  Interrupt_registerInterrupt                
000010d9  Interrupt_setPriority                      
00001061  Interrupt_setPriorityGrouping              
00001429  Interrupt_setPriorityMask                  
00001449  Interrupt_setVectorTableAddress            
000013c1  Interrupt_unpendInterrupt                  
00001041  Interrupt_unregisterInterrupt              
00001a49  OPT3001_getLux                             
000019e1  OPT3001_init                               
00001a19  OPT3001_readConfigReg                      
00001a09  OPT3001_readDeviceId                       
00001a39  OPT3001_readHighLimitReg                   
00001a29  OPT3001_readLowLimitReg                    
000019f9  OPT3001_readManufacturerId                 
UNDEFED   SHT$$INIT_ARRAY$$Base                      
UNDEFED   SHT$$INIT_ARRAY$$Limit                     
4000480c  WDTCTL_SYM                                 
20010000  __STACK_END                                
00000200  __STACK_SIZE                               
00002238  __TI_CINIT_Base                            
00002250  __TI_CINIT_Limit                           
00002218  __TI_Handler_Table_Base                    
00002224  __TI_Handler_Table_Limit                   
00001ea1  __TI_auto_init                             
200000ec  __TI_cleanup_ptr                           
000020f9  __TI_decompress_none                       
00000a53  __TI_decompress_rle24                      
200000f0  __TI_dtors_ptr                             
00000000  __TI_static_base__                         
00002107  __TI_zero_init                             
00001e27  __aeabi_memclr                             
00001e27  __aeabi_memclr4                            
00001e27  __aeabi_memclr8                            
00001d03  __aeabi_memcpy                             
00001d03  __aeabi_memcpy4                            
00001d03  __aeabi_memcpy8                            
00001e29  __aeabi_memset                             
00001e29  __aeabi_memset4                            
00001e29  __aeabi_memset8                            
ffffffff  __binit__                                  
ffffffff  __c_args__                                 
2000fe00  __stack                                    
000020cd  _args_main                                 
00001fcd  _c_int00                                   
200000e4  _lock                                      
000020f3  _nop                                       
000020eb  _register_lock                             
000020e5  _register_unlock                           
0000149b  _system_pre_init                           
200000e8  _unlock                                    
0000206d  abort                                      
00001941  alarm_button                               
200000fc  alarm_status                               
200000f4  badguy_here                                
ffffffff  binit                                      
00001919  burglar_alarm                              
000018e1  burglar_here                               
00001bc1  check_flux                                 
0000201d  copy_in                                    
00002075  exit                                       
200000f8  fire                                       
00001b29  fire_alarm                                 
20000000  g_pfnRAMVectors                            
000021f0  i2cConfig                                  
00001831  init                                       
000017b9  init_adc                                   
00001821  init_i2c                                   
000016a9  init_ports                                 
000017a1  init_timer_a0                              
00000000  interruptVectors                           
00001da1  main                                       
20000100  main_func_sp                               
00001d03  memcpy                                     
00001e2f  memset                                     
00001c29  on_fire                                    
00001c49  ring_doorbell                              
00001891  sample_mic                                 
20000104  speed_analysis                             


GLOBAL SYMBOLS: SORTED BY Symbol Address 

address   name                                       
-------   ----                                       
00000000  __TI_static_base__                         
00000000  interruptVectors                           
00000149  I2C_initMaster                             
000001b1  I2C_initSlave                              
000001f1  I2C_enableModule                           
00000200  __STACK_SIZE                               
00000209  I2C_disableModule                          
00000221  I2C_setSlaveAddress                        
00000239  I2C_setMode                                
00000259  I2C_masterReceiveSingleByte                
00000299  I2C_slavePutData                           
000002b1  I2C_slaveGetData                           
000002c9  I2C_isBusBusy                              
000002e1  I2C_masterSendSingleByte                   
00000351  I2C_masterSendSingleByteWithTimeout        
000003f9  I2C_masterSendMultiByteStart               
00000459  I2C_masterSendMultiByteStartWithTimeout    
000004d1  I2C_masterSendMultiByteNext                
00000511  I2C_masterSendMultiByteNextWithTimeout     
00000561  I2C_masterSendMultiByteFinish              
000005c9  I2C_masterSendMultiByteFinishWithTimeout   
00000649  I2C_masterSendMultiByteStop                
00000689  I2C_masterSendMultiByteStopWithTimeout     
000006d9  I2C_masterReceiveStart                     
000006f9  I2C_masterReceiveMultiByteNext             
00000711  I2C_masterReceiveMultiByteFinish           
00000761  I2C_masterReceiveMultiByteFinishWithTimeout
000007d9  I2C_masterReceiveMultiByteStop             
000007f1  I2C_masterReceiveSingle                    
00000829  I2C_getReceiveBufferAddressForDMA          
00000839  I2C_getTransmitBufferAddressForDMA         
00000849  I2C_masterIsStopSent                       
00000861  I2C_masterIsStartSent                      
00000881  I2C_masterSendStart                        
00000899  I2C_enableMultiMasterMode                  
000008c1  I2C_disableMultiMasterMode                 
000008e9  I2C_enableInterrupt                        
00000901  I2C_disableInterrupt                       
00000919  I2C_clearInterruptFlag                     
00000931  I2C_getInterruptStatus                     
00000949  I2C_getEnabledInterruptStatus              
00000959  I2C_getMode                                
00000971  I2C_registerInterrupt                      
000009e9  I2C_unregisterInterrupt                    
00000a53  __TI_decompress_rle24                      
00000a59  GPIO_setAsOutputPin                        
00000a99  GPIO_setAsInputPin                         
00000ae9  GPIO_setAsPeripheralModuleFunctionOutputPin
00000b81  GPIO_setAsPeripheralModuleFunctionInputPin 
00000c19  GPIO_setOutputHighOnPin                    
00000c41  GPIO_setOutputLowOnPin                     
00000c69  GPIO_toggleOutputOnPin                     
00000c91  GPIO_setAsInputPinWithPullDownResistor     
00000ce9  GPIO_setAsInputPinWithPullUpResistor       
00000d41  GPIO_getInputPinValue                      
00000d79  GPIO_enableInterrupt                       
00000da1  GPIO_disableInterrupt                      
00000dc9  GPIO_getInterruptStatus                    
00000df1  GPIO_clearInterruptFlag                    
00000e19  GPIO_interruptEdgeSelect                   
00000e59  GPIO_getEnabledInterruptStatus             
00000ef1  GPIO_setDriveStrengthHigh                  
00000f19  GPIO_setDriveStrengthLow                   
00000f41  GPIO_registerInterrupt                     
00000f71  GPIO_unregisterInterrupt                   
00000fa1  Interrupt_enableMaster                     
00000fb1  Interrupt_disableMaster                    
00000fc1  Interrupt_registerInterrupt                
00001041  Interrupt_unregisterInterrupt              
00001061  Interrupt_setPriorityGrouping              
00001091  Interrupt_getPriorityGrouping              
000010d9  Interrupt_setPriority                      
00001139  Interrupt_getPriority                      
00001169  Interrupt_enableInterrupt                  
00001201  Interrupt_disableInterrupt                 
00001299  Interrupt_isEnabled                        
00001341  Interrupt_pendInterrupt                    
000013c1  Interrupt_unpendInterrupt                  
00001429  Interrupt_setPriorityMask                  
00001439  Interrupt_getPriorityMask                  
00001449  Interrupt_setVectorTableAddress            
00001461  Interrupt_getVectorTableAddress            
00001471  Interrupt_enableSleepOnIsrExit             
00001489  Interrupt_disableSleepOnIsrExit            
0000149b  _system_pre_init                           
000014a1  Init_I2C_GPIO                              
000014b9  I2C_init                                   
000014e9  I2C_read16                                 
00001601  I2C_write16                                
00001681  I2C_setslave                               
000016a9  init_ports                                 
000017a1  init_timer_a0                              
000017b9  init_adc                                   
00001821  init_i2c                                   
00001831  init                                       
00001891  sample_mic                                 
000018e1  burglar_here                               
00001919  burglar_alarm                              
00001941  alarm_button                               
000019e1  OPT3001_init                               
000019f9  OPT3001_readManufacturerId                 
00001a09  OPT3001_readDeviceId                       
00001a19  OPT3001_readConfigReg                      
00001a29  OPT3001_readLowLimitReg                    
00001a39  OPT3001_readHighLimitReg                   
00001a49  OPT3001_getLux                             
00001b29  fire_alarm                                 
00001bc1  check_flux                                 
00001c29  on_fire                                    
00001c49  ring_doorbell                              
00001d03  __aeabi_memcpy                             
00001d03  __aeabi_memcpy4                            
00001d03  __aeabi_memcpy8                            
00001d03  memcpy                                     
00001da1  main                                       
00001e19  ADC14IsrHandler                            
00001e27  __aeabi_memclr                             
00001e27  __aeabi_memclr4                            
00001e27  __aeabi_memclr8                            
00001e29  __aeabi_memset                             
00001e29  __aeabi_memset4                            
00001e29  __aeabi_memset8                            
00001e2f  memset                                     
00001ea1  __TI_auto_init                             
00001f79  CPU_cpsid                                  
00001f89  CPU_primask                                
00001f99  CPU_cpsie                                  
00001fa9  CPU_wfi                                    
00001fb1  CPU_basepriSet                             
00001fc1  CPU_basepriGet                             
00001fcd  _c_int00                                   
0000201d  copy_in                                    
00002069  C$$EXIT                                    
0000206d  abort                                      
00002075  exit                                       
000020cd  _args_main                                 
000020e5  _register_unlock                           
000020eb  _register_lock                             
000020f3  _nop                                       
000020f9  __TI_decompress_none                       
00002107  __TI_zero_init                             
000021f0  i2cConfig                                  
00002218  __TI_Handler_Table_Base                    
00002224  __TI_Handler_Table_Limit                   
00002238  __TI_CINIT_Base                            
00002250  __TI_CINIT_Limit                           
20000000  g_pfnRAMVectors                            
200000e4  _lock                                      
200000e8  _unlock                                    
200000ec  __TI_cleanup_ptr                           
200000f0  __TI_dtors_ptr                             
200000f4  badguy_here                                
200000f8  fire                                       
200000fc  alarm_status                               
20000100  main_func_sp                               
20000104  speed_analysis                             
2000fe00  __stack                                    
20010000  __STACK_END                                
4000480c  WDTCTL_SYM                                 
ffffffff  __binit__                                  
ffffffff  __c_args__                                 
ffffffff  binit                                      
UNDEFED   SHT$$INIT_ARRAY$$Base                      
UNDEFED   SHT$$INIT_ARRAY$$Limit                     

[164 symbols]
