******************************************************************************
                  TI ARM Linker Unix v5.2.6                    
******************************************************************************
>> Linked Tue Mar 15 15:31:34 2016

OUTPUT FILE NAME:   <ece461_p2.out>
ENTRY POINT SYMBOL: "_c_int00"  address: 00001981


MEMORY CONFIGURATION

         name            origin    length      used     unused   attr    fill
----------------------  --------  ---------  --------  --------  ----  --------
  MAIN                  00000000   00040000  00001c24  0003e3dc  R  X
  INFO                  00200000   00004000  00000000  00004000  R  X
  SRAM_CODE             01000000   00010000  00000000  00010000  RW X
  SRAM_DATA             20000000   00010000  00000300  0000fd00  RW  


SEGMENT ALLOCATION MAP

run origin  load origin   length   init length attrs members
----------  ----------- ---------- ----------- ----- -------
00000000    00000000    00001c28   00001c28    r-x
  00000000    00000000    00000144   00000144    r-- .intvecs
  00000144    00000144    000019b8   000019b8    r-x .text
  00001afc    00001afc    000000f0   000000f0    r-- .const
  00001bf0    00001bf0    00000038   00000038    r-- .cinit
20000000    20000000    00000100   00000000    rw-
  20000000    20000000    000000e4   00000000    rw- .vtable
  200000e4    200000e4    0000001c   00000000    rw- .data
2000fe00    2000fe00    00000200   00000000    rw-
  2000fe00    2000fe00    00000200   00000000    rw- .stack


SECTION ALLOCATION MAP

 output                                  attributes/
section   page    origin      length       input sections
--------  ----  ----------  ----------   ----------------
.intvecs   0    00000000    00000144     
                  00000000    00000144     msp432_startup_ccs.obj (.intvecs:retain)

.text      0    00000144    000019b8     
                  00000144    00000794     i2c.obj (.text)
                  000008d8    00000488     gpio.obj (.text)
                  00000d60    000003f0     interrupt.obj (.text)
                  00001150    00000168     init.obj (.text)
                  000012b8    0000013c     HAL_OPT3001.obj (.text)
                  000013f4    00000118     HAL_I2C.obj (.text)
                  0000150c    000000cc     alarm.obj (.text)
                  000015d8    000000a8     doorbell.obj (.text)
                  00001680    0000009c     rtsv7M4_T_le_v4SPD16_eabi.lib : memcpy_t2.obj (.text)
                  0000171c    00000098     fire_alarm.obj (.text)
                  000017b4    0000007a     rtsv7M4_T_le_v4SPD16_eabi.lib : memset_t2.obj (.text)
                  0000182e    00000002     --HOLE-- [fill = 0]
                  00001830    00000078     main.obj (.text)
                  000018a8    0000006c     rtsv7M4_T_le_v4SPD16_eabi.lib : autoinit.obj (.text)
                  00001914    0000006a                                   : copy_decompress_rle.obj (.text)
                  0000197e    00000002     --HOLE-- [fill = 0]
                  00001980    00000050                                   : boot.obj (.text)
                  000019d0    0000004c                                   : cpy_tbl.obj (.text)
                  00001a1c    00000044                                   : exit.obj (.text)
                  00001a60    0000003e     cpu.obj (.text)
                  00001a9e    00000002     --HOLE-- [fill = 0]
                  00001aa0    00000018     rtsv7M4_T_le_v4SPD16_eabi.lib : args_main.obj (.text)
                  00001ab8    00000014                                   : _lock.obj (.text)
                  00001acc    0000000e                                   : copy_decompress_none.obj (.text:decompress:none)
                  00001ada    0000000c                                   : copy_zero_init.obj (.text:decompress:ZI)
                  00001ae6    0000000c     msp432_startup_ccs.obj (.text)
                  00001af2    00000006     rtsv7M4_T_le_v4SPD16_eabi.lib : copy_decompress_rle.obj (.text:decompress:rle24)
                  00001af8    00000004                                   : pre_init.obj (.text)

.const     0    00001afc    000000f0     
                  00001afc    00000050     interrupt.obj (.const:g_pulRegs)
                  00001b4c    00000040     interrupt.obj (.const)
                  00001b8c    00000030     gpio.obj (.const:GPIO_PORT_TO_BASE)
                  00001bbc    0000001c     gpio.obj (.const)
                  00001bd8    00000014     HAL_I2C.obj (.const)

.cinit     0    00001bf0    00000038     
                  00001bf0    0000000f     (.cinit..data.load) [load image, compression = rle]
                  00001bff    00000001     --HOLE-- [fill = 0]
                  00001c00    0000000c     (__TI_handler_table)
                  00001c0c    00000004     --HOLE-- [fill = 0]
                  00001c10    00000008     (.cinit..vtable.load) [load image, compression = zero_init]
                  00001c18    00000010     (__TI_cinit_table)

.init_array 
*          0    00000000    00000000     UNINITIALIZED

.vtable    0    20000000    000000e4     UNINITIALIZED
                  20000000    000000e4     interrupt.obj (.vtable)

.data      0    200000e4    0000001c     UNINITIALIZED
                  200000e4    00000008     rtsv7M4_T_le_v4SPD16_eabi.lib : _lock.obj (.data)
                  200000ec    00000008                                   : exit.obj (.data)
                  200000f4    00000004     alarm.obj (.data)
                  200000f8    00000004     main.obj (.data)
                  200000fc    00000004     rtsv7M4_T_le_v4SPD16_eabi.lib : stkdepth_vars.obj (.data)

.stack     0    2000fe00    00000200     UNINITIALIZED
                  2000fe00    00000200     --HOLE--

.TI.persistent 
*          0    200000e4    00000000     UNINITIALIZED


LINKER GENERATED COPY TABLES

__TI_cinit_table @ 00001c18 records: 2, size/record: 8, table size: 16
	.data: load addr=00001bf0, load size=0000000f bytes, run addr=200000e4, run size=0000001c bytes, compression=rle
	.vtable: load addr=00001c10, load size=00000008 bytes, run addr=20000000, run size=000000e4 bytes, compression=zero_init


LINKER GENERATED HANDLER TABLE

__TI_handler_table @ 00001c00 records: 3, size/record: 4, table size: 12
	index: 0, handler: __TI_zero_init
	index: 1, handler: __TI_decompress_rle24
	index: 2, handler: __TI_decompress_none


GLOBAL SYMBOLS: SORTED ALPHABETICALLY BY Name 

address   name                                       
-------   ----                                       
00001891  ADC14IsrHandler                            
00001a1d  C$$EXIT                                    
00001a95  CPU_basepriGet                             
00001a87  CPU_basepriSet                             
00001a61  CPU_cpsid                                  
00001a77  CPU_cpsie                                  
00001a6d  CPU_primask                                
00001a83  CPU_wfi                                    
00000c03  GPIO_clearInterruptFlag                    
00000bc3  GPIO_disableInterrupt                      
00000ba1  GPIO_enableInterrupt                       
00000c5b  GPIO_getEnabledInterruptStatus             
00000b6b  GPIO_getInputPinValue                      
00000be5  GPIO_getInterruptStatus                    
00000c25  GPIO_interruptEdgeSelect                   
00000d1b  GPIO_registerInterrupt                     
00000913  GPIO_setAsInputPin                         
00000ac7  GPIO_setAsInputPinWithPullDownResistor     
00000b19  GPIO_setAsInputPinWithPullUpResistor       
000008d9  GPIO_setAsOutputPin                        
000009dd  GPIO_setAsPeripheralModuleFunctionInputPin 
00000959  GPIO_setAsPeripheralModuleFunctionOutputPin
00000cd7  GPIO_setDriveStrengthHigh                  
00000cf9  GPIO_setDriveStrengthLow                   
00000a61  GPIO_setOutputHighOnPin                    
00000a83  GPIO_setOutputLowOnPin                     
00000aa5  GPIO_toggleOutputOnPin                     
00000d3b  GPIO_unregisterInterrupt                   
000007a9  I2C_clearInterruptFlag                     
00000793  I2C_disableInterrupt                       
000001f7  I2C_disableModule                          
0000075d  I2C_disableMultiMasterMode                 
0000077d  I2C_enableInterrupt                        
000001e1  I2C_enableModule                           
0000073d  I2C_enableMultiMasterMode                  
000007d7  I2C_getEnabledInterruptStatus              
000007bf  I2C_getInterruptStatus                     
000007e7  I2C_getMode                                
000006e3  I2C_getReceiveBufferAddressForDMA          
000006f1  I2C_getTransmitBufferAddressForDMA         
0000140d  I2C_init                                   
00000145  I2C_initMaster                             
000001a7  I2C_initSlave                              
0000029b  I2C_isBusBusy                              
00000711  I2C_masterIsStartSent                      
000006ff  I2C_masterIsStopSent                       
00000609  I2C_masterReceiveMultiByteFinish           
00000647  I2C_masterReceiveMultiByteFinishWithTimeout
000005f1  I2C_masterReceiveMultiByteNext             
000006a5  I2C_masterReceiveMultiByteStop             
000006b9  I2C_masterReceiveSingle                    
0000023d  I2C_masterReceiveSingleByte                
000005d7  I2C_masterReceiveStart                     
000004bb  I2C_masterSendMultiByteFinish              
00000505  I2C_masterSendMultiByteFinishWithTimeout   
00000451  I2C_masterSendMultiByteNext                
0000047d  I2C_masterSendMultiByteNextWithTimeout     
000003a3  I2C_masterSendMultiByteStart               
000003f1  I2C_masterSendMultiByteStartWithTimeout    
00000571  I2C_masterSendMultiByteStop                
0000059b  I2C_masterSendMultiByteStopWithTimeout     
000002ad  I2C_masterSendSingleByte                   
00000313  I2C_masterSendSingleByteWithTimeout        
00000729  I2C_masterSendStart                        
00001425  I2C_read16                                 
000007fd  I2C_registerInterrupt                      
00000221  I2C_setMode                                
0000020d  I2C_setSlaveAddress                        
000014ef  I2C_setslave                               
00000287  I2C_slaveGetData                           
00000271  I2C_slavePutData                           
00000863  I2C_unregisterInterrupt                    
000014ab  I2C_write16                                
000013f5  Init_I2C_GPIO                              
00000f23  Interrupt_disableInterrupt                 
00000d73  Interrupt_disableMaster                    
00001121  Interrupt_disableSleepOnIsrExit            
00000eb1  Interrupt_enableInterrupt                  
00000d63  Interrupt_enableMaster                     
0000110f  Interrupt_enableSleepOnIsrExit             
00000e8b  Interrupt_getPriority                      
00000e03  Interrupt_getPriorityGrouping              
000010ef  Interrupt_getPriorityMask                  
00001109  Interrupt_getVectorTableAddress            
00000f95  Interrupt_isEnabled                        
00001021  Interrupt_pendInterrupt                    
00000d83  Interrupt_registerInterrupt                
00000e3b  Interrupt_setPriority                      
00000de9  Interrupt_setPriorityGrouping              
000010df  Interrupt_setPriorityMask                  
000010f9  Interrupt_setVectorTableAddress            
00001091  Interrupt_unpendInterrupt                  
00000dd5  Interrupt_unregisterInterrupt              
0000131d  OPT3001_getLux                             
000012b9  OPT3001_init                               
000012ed  OPT3001_readConfigReg                      
000012dd  OPT3001_readDeviceId                       
0000130d  OPT3001_readHighLimitReg                   
000012fd  OPT3001_readLowLimitReg                    
000012cd  OPT3001_readManufacturerId                 
UNDEFED   SHT$$INIT_ARRAY$$Base                      
UNDEFED   SHT$$INIT_ARRAY$$Limit                     
4000480c  WDTCTL_SYM                                 
20010000  __STACK_END                                
00000200  __STACK_SIZE                               
00001c18  __TI_CINIT_Base                            
00001c28  __TI_CINIT_Limit                           
00001c00  __TI_Handler_Table_Base                    
00001c0c  __TI_Handler_Table_Limit                   
000018a9  __TI_auto_init                             
200000ec  __TI_cleanup_ptr                           
00001acd  __TI_decompress_none                       
00001af3  __TI_decompress_rle24                      
200000f0  __TI_dtors_ptr                             
00000000  __TI_static_base__                         
00001adb  __TI_zero_init                             
000017b5  __aeabi_memclr                             
000017b5  __aeabi_memclr4                            
000017b5  __aeabi_memclr8                            
00001681  __aeabi_memcpy                             
00001681  __aeabi_memcpy4                            
00001681  __aeabi_memcpy8                            
000017b7  __aeabi_memset                             
000017b7  __aeabi_memset4                            
000017b7  __aeabi_memset8                            
ffffffff  __binit__                                  
ffffffff  __c_args__                                 
2000fe00  __stack                                    
00001aa1  _args_main                                 
00001981  _c_int00                                   
200000e4  _lock                                      
00001ac7  _nop                                       
00001abf  _register_lock                             
00001ab9  _register_unlock                           
00001af9  _system_pre_init                           
200000e8  _unlock                                    
00001a21  abort                                      
0000155d  alarm_button                               
200000f8  alarm_status                               
200000f4  badguy_here                                
ffffffff  binit                                      
00001545  burglar_alarm                              
00001537  burglar_here                               
00001777  check_flux                                 
000019d1  copy_in                                    
00001a29  exit                                       
0000171d  fire_alarm                                 
20000000  g_pfnRAMVectors                            
00001bd8  i2cConfig                                  
00001151  init                                       
00000000  interruptVectors                           
00001831  main                                       
200000fc  main_func_sp                               
00001681  memcpy                                     
000017bd  memset                                     
000015d9  ring_doorbell                              
00001511  sample_mic                                 


GLOBAL SYMBOLS: SORTED BY Symbol Address 

address   name                                       
-------   ----                                       
00000000  __TI_static_base__                         
00000000  interruptVectors                           
00000145  I2C_initMaster                             
000001a7  I2C_initSlave                              
000001e1  I2C_enableModule                           
000001f7  I2C_disableModule                          
00000200  __STACK_SIZE                               
0000020d  I2C_setSlaveAddress                        
00000221  I2C_setMode                                
0000023d  I2C_masterReceiveSingleByte                
00000271  I2C_slavePutData                           
00000287  I2C_slaveGetData                           
0000029b  I2C_isBusBusy                              
000002ad  I2C_masterSendSingleByte                   
00000313  I2C_masterSendSingleByteWithTimeout        
000003a3  I2C_masterSendMultiByteStart               
000003f1  I2C_masterSendMultiByteStartWithTimeout    
00000451  I2C_masterSendMultiByteNext                
0000047d  I2C_masterSendMultiByteNextWithTimeout     
000004bb  I2C_masterSendMultiByteFinish              
00000505  I2C_masterSendMultiByteFinishWithTimeout   
00000571  I2C_masterSendMultiByteStop                
0000059b  I2C_masterSendMultiByteStopWithTimeout     
000005d7  I2C_masterReceiveStart                     
000005f1  I2C_masterReceiveMultiByteNext             
00000609  I2C_masterReceiveMultiByteFinish           
00000647  I2C_masterReceiveMultiByteFinishWithTimeout
000006a5  I2C_masterReceiveMultiByteStop             
000006b9  I2C_masterReceiveSingle                    
000006e3  I2C_getReceiveBufferAddressForDMA          
000006f1  I2C_getTransmitBufferAddressForDMA         
000006ff  I2C_masterIsStopSent                       
00000711  I2C_masterIsStartSent                      
00000729  I2C_masterSendStart                        
0000073d  I2C_enableMultiMasterMode                  
0000075d  I2C_disableMultiMasterMode                 
0000077d  I2C_enableInterrupt                        
00000793  I2C_disableInterrupt                       
000007a9  I2C_clearInterruptFlag                     
000007bf  I2C_getInterruptStatus                     
000007d7  I2C_getEnabledInterruptStatus              
000007e7  I2C_getMode                                
000007fd  I2C_registerInterrupt                      
00000863  I2C_unregisterInterrupt                    
000008d9  GPIO_setAsOutputPin                        
00000913  GPIO_setAsInputPin                         
00000959  GPIO_setAsPeripheralModuleFunctionOutputPin
000009dd  GPIO_setAsPeripheralModuleFunctionInputPin 
00000a61  GPIO_setOutputHighOnPin                    
00000a83  GPIO_setOutputLowOnPin                     
00000aa5  GPIO_toggleOutputOnPin                     
00000ac7  GPIO_setAsInputPinWithPullDownResistor     
00000b19  GPIO_setAsInputPinWithPullUpResistor       
00000b6b  GPIO_getInputPinValue                      
00000ba1  GPIO_enableInterrupt                       
00000bc3  GPIO_disableInterrupt                      
00000be5  GPIO_getInterruptStatus                    
00000c03  GPIO_clearInterruptFlag                    
00000c25  GPIO_interruptEdgeSelect                   
00000c5b  GPIO_getEnabledInterruptStatus             
00000cd7  GPIO_setDriveStrengthHigh                  
00000cf9  GPIO_setDriveStrengthLow                   
00000d1b  GPIO_registerInterrupt                     
00000d3b  GPIO_unregisterInterrupt                   
00000d63  Interrupt_enableMaster                     
00000d73  Interrupt_disableMaster                    
00000d83  Interrupt_registerInterrupt                
00000dd5  Interrupt_unregisterInterrupt              
00000de9  Interrupt_setPriorityGrouping              
00000e03  Interrupt_getPriorityGrouping              
00000e3b  Interrupt_setPriority                      
00000e8b  Interrupt_getPriority                      
00000eb1  Interrupt_enableInterrupt                  
00000f23  Interrupt_disableInterrupt                 
00000f95  Interrupt_isEnabled                        
00001021  Interrupt_pendInterrupt                    
00001091  Interrupt_unpendInterrupt                  
000010df  Interrupt_setPriorityMask                  
000010ef  Interrupt_getPriorityMask                  
000010f9  Interrupt_setVectorTableAddress            
00001109  Interrupt_getVectorTableAddress            
0000110f  Interrupt_enableSleepOnIsrExit             
00001121  Interrupt_disableSleepOnIsrExit            
00001151  init                                       
000012b9  OPT3001_init                               
000012cd  OPT3001_readManufacturerId                 
000012dd  OPT3001_readDeviceId                       
000012ed  OPT3001_readConfigReg                      
000012fd  OPT3001_readLowLimitReg                    
0000130d  OPT3001_readHighLimitReg                   
0000131d  OPT3001_getLux                             
000013f5  Init_I2C_GPIO                              
0000140d  I2C_init                                   
00001425  I2C_read16                                 
000014ab  I2C_write16                                
000014ef  I2C_setslave                               
00001511  sample_mic                                 
00001537  burglar_here                               
00001545  burglar_alarm                              
0000155d  alarm_button                               
000015d9  ring_doorbell                              
00001681  __aeabi_memcpy                             
00001681  __aeabi_memcpy4                            
00001681  __aeabi_memcpy8                            
00001681  memcpy                                     
0000171d  fire_alarm                                 
00001777  check_flux                                 
000017b5  __aeabi_memclr                             
000017b5  __aeabi_memclr4                            
000017b5  __aeabi_memclr8                            
000017b7  __aeabi_memset                             
000017b7  __aeabi_memset4                            
000017b7  __aeabi_memset8                            
000017bd  memset                                     
00001831  main                                       
00001891  ADC14IsrHandler                            
000018a9  __TI_auto_init                             
00001981  _c_int00                                   
000019d1  copy_in                                    
00001a1d  C$$EXIT                                    
00001a21  abort                                      
00001a29  exit                                       
00001a61  CPU_cpsid                                  
00001a6d  CPU_primask                                
00001a77  CPU_cpsie                                  
00001a83  CPU_wfi                                    
00001a87  CPU_basepriSet                             
00001a95  CPU_basepriGet                             
00001aa1  _args_main                                 
00001ab9  _register_unlock                           
00001abf  _register_lock                             
00001ac7  _nop                                       
00001acd  __TI_decompress_none                       
00001adb  __TI_zero_init                             
00001af3  __TI_decompress_rle24                      
00001af9  _system_pre_init                           
00001bd8  i2cConfig                                  
00001c00  __TI_Handler_Table_Base                    
00001c0c  __TI_Handler_Table_Limit                   
00001c18  __TI_CINIT_Base                            
00001c28  __TI_CINIT_Limit                           
20000000  g_pfnRAMVectors                            
200000e4  _lock                                      
200000e8  _unlock                                    
200000ec  __TI_cleanup_ptr                           
200000f0  __TI_dtors_ptr                             
200000f4  badguy_here                                
200000f8  alarm_status                               
200000fc  main_func_sp                               
2000fe00  __stack                                    
20010000  __STACK_END                                
4000480c  WDTCTL_SYM                                 
ffffffff  __binit__                                  
ffffffff  __c_args__                                 
ffffffff  binit                                      
UNDEFED   SHT$$INIT_ARRAY$$Base                      
UNDEFED   SHT$$INIT_ARRAY$$Limit                     

[157 symbols]
