******************************************************************************
                  TI ARM Linker Unix v5.2.6                    
******************************************************************************
>> Linked Mon Mar 14 16:53:57 2016

OUTPUT FILE NAME:   <ece461_p2.out>
ENTRY POINT SYMBOL: "_c_int00"  address: 000004d9


MEMORY CONFIGURATION

         name            origin    length      used     unused   attr    fill
----------------------  --------  ---------  --------  --------  ----  --------
  MAIN                  00000000   00040000  00000628  0003f9d8  R  X
  INFO                  00200000   00004000  00000000  00004000  R  X
  SRAM_CODE             01000000   00010000  00000000  00010000  RW X
  SRAM_DATA             20000000   00010000  00000214  0000fdec  RW  


SEGMENT ALLOCATION MAP

run origin  load origin   length   init length attrs members
----------  ----------- ---------- ----------- ----- -------
00000000    00000000    00000628   00000628    r-x
  00000000    00000000    00000144   00000144    r-- .intvecs
  00000144    00000144    000004c4   000004c4    r-x .text
  00000608    00000608    00000020   00000020    r-- .cinit
20000000    20000000    00000014   00000000    rw-
  20000000    20000000    00000014   00000000    rw- .data
2000fe00    2000fe00    00000200   00000000    rw-
  2000fe00    2000fe00    00000200   00000000    rw- .stack


SECTION ALLOCATION MAP

 output                                  attributes/
section   page    origin      length       input sections
--------  ----  ----------  ----------   ----------------
.intvecs   0    00000000    00000144     
                  00000000    00000144     msp432_startup_ccs.obj (.intvecs:retain)

.text      0    00000144    000004c4     
                  00000144    000000cc     main.obj (.text)
                  00000210    0000009c     rtsv7M4_T_le_v4SPD16_eabi.lib : memcpy_t2.obj (.text)
                  000002ac    0000007a                                   : memset_t2.obj (.text)
                  00000326    00000002     --HOLE-- [fill = 0]
                  00000328    0000006c     alarm.obj (.text)
                  00000394    0000006c     doorbell.obj (.text)
                  00000400    0000006c     rtsv7M4_T_le_v4SPD16_eabi.lib : autoinit.obj (.text)
                  0000046c    0000006a                                   : copy_decompress_rle.obj (.text)
                  000004d6    00000002     --HOLE-- [fill = 0]
                  000004d8    00000050                                   : boot.obj (.text)
                  00000528    0000004c                                   : cpy_tbl.obj (.text)
                  00000574    00000044                                   : exit.obj (.text)
                  000005b8    00000018                                   : args_main.obj (.text)
                  000005d0    00000014                                   : _lock.obj (.text)
                  000005e4    0000000e                                   : copy_decompress_none.obj (.text:decompress:none)
                  000005f2    0000000c     msp432_startup_ccs.obj (.text)
                  000005fe    00000006     rtsv7M4_T_le_v4SPD16_eabi.lib : copy_decompress_rle.obj (.text:decompress:rle24)
                  00000604    00000004                                   : pre_init.obj (.text)

.cinit     0    00000608    00000020     
                  00000608    0000000f     (.cinit..data.load) [load image, compression = rle]
                  00000617    00000001     --HOLE-- [fill = 0]
                  00000618    00000008     (__TI_handler_table)
                  00000620    00000008     (__TI_cinit_table)

.init_array 
*          0    00000000    00000000     UNINITIALIZED

.data      0    20000000    00000014     UNINITIALIZED
                  20000000    00000008     rtsv7M4_T_le_v4SPD16_eabi.lib : _lock.obj (.data)
                  20000008    00000008                                   : exit.obj (.data)
                  20000010    00000004                                   : stkdepth_vars.obj (.data)

.stack     0    2000fe00    00000200     UNINITIALIZED
                  2000fe00    00000200     --HOLE--

.TI.persistent 
*          0    20000000    00000000     UNINITIALIZED


LINKER GENERATED COPY TABLES

__TI_cinit_table @ 00000620 records: 1, size/record: 8, table size: 8
	.data: load addr=00000608, load size=0000000f bytes, run addr=20000000, run size=00000014 bytes, compression=rle


LINKER GENERATED HANDLER TABLE

__TI_handler_table @ 00000618 records: 2, size/record: 4, table size: 8
	index: 0, handler: __TI_decompress_rle24
	index: 1, handler: __TI_decompress_none


GLOBAL SYMBOLS: SORTED ALPHABETICALLY BY Name 

address   name                    
-------   ----                    
000001cd  ADC14IsrHandler         
00000575  C$$EXIT                 
UNDEFED   SHT$$INIT_ARRAY$$Base   
UNDEFED   SHT$$INIT_ARRAY$$Limit  
4000480c  WDTCTL_SYM              
20010000  __STACK_END             
00000200  __STACK_SIZE            
00000620  __TI_CINIT_Base         
00000628  __TI_CINIT_Limit        
00000618  __TI_Handler_Table_Base 
00000620  __TI_Handler_Table_Limit
00000401  __TI_auto_init          
20000008  __TI_cleanup_ptr        
000005e5  __TI_decompress_none    
000005ff  __TI_decompress_rle24   
2000000c  __TI_dtors_ptr          
00000000  __TI_static_base__      
000002ad  __aeabi_memclr          
000002ad  __aeabi_memclr4         
000002ad  __aeabi_memclr8         
00000211  __aeabi_memcpy          
00000211  __aeabi_memcpy4         
00000211  __aeabi_memcpy8         
000002af  __aeabi_memset          
000002af  __aeabi_memset4         
000002af  __aeabi_memset8         
ffffffff  __binit__               
ffffffff  __c_args__              
2000fe00  __stack                 
000005b9  _args_main              
000004d9  _c_int00                
20000000  _lock                   
000005df  _nop                    
000005d7  _register_lock          
000005d1  _register_unlock        
00000605  _system_pre_init        
20000004  _unlock                 
00000579  abort                   
00000363  alarm                   
000003cf  bell                    
ffffffff  binit                   
00000529  copy_in                 
00000581  exit                    
00000000  interruptVectors        
00000145  main                    
20000010  main_func_sp            
00000211  memcpy                  
000002b5  memset                  
00000399  ring_doorbell           
0000032d  sample_adc              


GLOBAL SYMBOLS: SORTED BY Symbol Address 

address   name                    
-------   ----                    
00000000  __TI_static_base__      
00000000  interruptVectors        
00000145  main                    
000001cd  ADC14IsrHandler         
00000200  __STACK_SIZE            
00000211  __aeabi_memcpy          
00000211  __aeabi_memcpy4         
00000211  __aeabi_memcpy8         
00000211  memcpy                  
000002ad  __aeabi_memclr          
000002ad  __aeabi_memclr4         
000002ad  __aeabi_memclr8         
000002af  __aeabi_memset          
000002af  __aeabi_memset4         
000002af  __aeabi_memset8         
000002b5  memset                  
0000032d  sample_adc              
00000363  alarm                   
00000399  ring_doorbell           
000003cf  bell                    
00000401  __TI_auto_init          
000004d9  _c_int00                
00000529  copy_in                 
00000575  C$$EXIT                 
00000579  abort                   
00000581  exit                    
000005b9  _args_main              
000005d1  _register_unlock        
000005d7  _register_lock          
000005df  _nop                    
000005e5  __TI_decompress_none    
000005ff  __TI_decompress_rle24   
00000605  _system_pre_init        
00000618  __TI_Handler_Table_Base 
00000620  __TI_CINIT_Base         
00000620  __TI_Handler_Table_Limit
00000628  __TI_CINIT_Limit        
20000000  _lock                   
20000004  _unlock                 
20000008  __TI_cleanup_ptr        
2000000c  __TI_dtors_ptr          
20000010  main_func_sp            
2000fe00  __stack                 
20010000  __STACK_END             
4000480c  WDTCTL_SYM              
ffffffff  __binit__               
ffffffff  __c_args__              
ffffffff  binit                   
UNDEFED   SHT$$INIT_ARRAY$$Base   
UNDEFED   SHT$$INIT_ARRAY$$Limit  

[50 symbols]
