<?xml version="1.0"?>
<link_info>
   <banner>TI ARM Linker Unix v5.2.6</banner>
   <copyright>Copyright (c) 1996-2015 Texas Instruments Incorporated</copyright>
   <link_time>0x56e868a4</link_time>
   <link_errors>0x0</link_errors>
   <output_file>ece461_p2.out</output_file>
   <entry_point>
      <name>_c_int00</name>
      <address>0x1981</address>
   </entry_point>
   <input_file_list>
      <input_file id="fl-2">
         <path>./</path>
         <kind>object</kind>
         <file>HAL_I2C.obj</file>
         <name>HAL_I2C.obj</name>
      </input_file>
      <input_file id="fl-3">
         <path>./</path>
         <kind>object</kind>
         <file>HAL_OPT3001.obj</file>
         <name>HAL_OPT3001.obj</name>
      </input_file>
      <input_file id="fl-4">
         <path>./</path>
         <kind>object</kind>
         <file>alarm.obj</file>
         <name>alarm.obj</name>
      </input_file>
      <input_file id="fl-5">
         <path>./</path>
         <kind>object</kind>
         <file>cpu.obj</file>
         <name>cpu.obj</name>
      </input_file>
      <input_file id="fl-6">
         <path>./</path>
         <kind>object</kind>
         <file>doorbell.obj</file>
         <name>doorbell.obj</name>
      </input_file>
      <input_file id="fl-7">
         <path>./</path>
         <kind>object</kind>
         <file>fire_alarm.obj</file>
         <name>fire_alarm.obj</name>
      </input_file>
      <input_file id="fl-8">
         <path>./</path>
         <kind>object</kind>
         <file>gpio.obj</file>
         <name>gpio.obj</name>
      </input_file>
      <input_file id="fl-9">
         <path>./</path>
         <kind>object</kind>
         <file>i2c.obj</file>
         <name>i2c.obj</name>
      </input_file>
      <input_file id="fl-a">
         <path>./</path>
         <kind>object</kind>
         <file>init.obj</file>
         <name>init.obj</name>
      </input_file>
      <input_file id="fl-b">
         <path>./</path>
         <kind>object</kind>
         <file>interrupt.obj</file>
         <name>interrupt.obj</name>
      </input_file>
      <input_file id="fl-c">
         <path>./</path>
         <kind>object</kind>
         <file>main.obj</file>
         <name>main.obj</name>
      </input_file>
      <input_file id="fl-d">
         <path>./</path>
         <kind>object</kind>
         <file>msp432_startup_ccs.obj</file>
         <name>msp432_startup_ccs.obj</name>
      </input_file>
      <input_file id="fl-133">
         <path>/home/daniel/Programs/ti/ccsv6/tools/compiler/ti-cgt-arm_5.2.6/lib/</path>
         <kind>archive</kind>
         <file>rtsv7M4_T_le_v4SPD16_eabi.lib</file>
         <name>boot.obj</name>
      </input_file>
      <input_file id="fl-134">
         <path>/home/daniel/Programs/ti/ccsv6/tools/compiler/ti-cgt-arm_5.2.6/lib/</path>
         <kind>archive</kind>
         <file>rtsv7M4_T_le_v4SPD16_eabi.lib</file>
         <name>copy_decompress_none.obj</name>
      </input_file>
      <input_file id="fl-135">
         <path>/home/daniel/Programs/ti/ccsv6/tools/compiler/ti-cgt-arm_5.2.6/lib/</path>
         <kind>archive</kind>
         <file>rtsv7M4_T_le_v4SPD16_eabi.lib</file>
         <name>copy_decompress_rle.obj</name>
      </input_file>
      <input_file id="fl-136">
         <path>/home/daniel/Programs/ti/ccsv6/tools/compiler/ti-cgt-arm_5.2.6/lib/</path>
         <kind>archive</kind>
         <file>rtsv7M4_T_le_v4SPD16_eabi.lib</file>
         <name>copy_zero_init.obj</name>
      </input_file>
      <input_file id="fl-137">
         <path>/home/daniel/Programs/ti/ccsv6/tools/compiler/ti-cgt-arm_5.2.6/lib/</path>
         <kind>archive</kind>
         <file>rtsv7M4_T_le_v4SPD16_eabi.lib</file>
         <name>exit.obj</name>
      </input_file>
      <input_file id="fl-138">
         <path>/home/daniel/Programs/ti/ccsv6/tools/compiler/ti-cgt-arm_5.2.6/lib/</path>
         <kind>archive</kind>
         <file>rtsv7M4_T_le_v4SPD16_eabi.lib</file>
         <name>memcpy_t2.obj</name>
      </input_file>
      <input_file id="fl-139">
         <path>/home/daniel/Programs/ti/ccsv6/tools/compiler/ti-cgt-arm_5.2.6/lib/</path>
         <kind>archive</kind>
         <file>rtsv7M4_T_le_v4SPD16_eabi.lib</file>
         <name>memset_t2.obj</name>
      </input_file>
      <input_file id="fl-13a">
         <path>/home/daniel/Programs/ti/ccsv6/tools/compiler/ti-cgt-arm_5.2.6/lib/</path>
         <kind>archive</kind>
         <file>rtsv7M4_T_le_v4SPD16_eabi.lib</file>
         <name>pre_init.obj</name>
      </input_file>
      <input_file id="fl-13b">
         <path>/home/daniel/Programs/ti/ccsv6/tools/compiler/ti-cgt-arm_5.2.6/lib/</path>
         <kind>archive</kind>
         <file>rtsv7M4_T_le_v4SPD16_eabi.lib</file>
         <name>stkdepth_vars.obj</name>
      </input_file>
      <input_file id="fl-13c">
         <path>/home/daniel/Programs/ti/ccsv6/tools/compiler/ti-cgt-arm_5.2.6/lib/</path>
         <kind>archive</kind>
         <file>rtsv7M4_T_le_v4SPD16_eabi.lib</file>
         <name>_lock.obj</name>
      </input_file>
      <input_file id="fl-13d">
         <path>/home/daniel/Programs/ti/ccsv6/tools/compiler/ti-cgt-arm_5.2.6/lib/</path>
         <kind>archive</kind>
         <file>rtsv7M4_T_le_v4SPD16_eabi.lib</file>
         <name>args_main.obj</name>
      </input_file>
      <input_file id="fl-13e">
         <path>/home/daniel/Programs/ti/ccsv6/tools/compiler/ti-cgt-arm_5.2.6/lib/</path>
         <kind>archive</kind>
         <file>rtsv7M4_T_le_v4SPD16_eabi.lib</file>
         <name>autoinit.obj</name>
      </input_file>
      <input_file id="fl-13f">
         <path>/home/daniel/Programs/ti/ccsv6/tools/compiler/ti-cgt-arm_5.2.6/lib/</path>
         <kind>archive</kind>
         <file>rtsv7M4_T_le_v4SPD16_eabi.lib</file>
         <name>cpy_tbl.obj</name>
      </input_file>
   </input_file_list>
   <object_component_list>
      <object_component id="oc-27">
         <name>.intvecs:retain</name>
         <load_address>0x0</load_address>
         <run_address>0x0</run_address>
         <size>0x144</size>
         <input_file_ref idref="fl-d"/>
      </object_component>
      <object_component id="oc-112">
         <name>.text</name>
         <load_address>0x144</load_address>
         <run_address>0x144</run_address>
         <size>0x794</size>
         <input_file_ref idref="fl-9"/>
      </object_component>
      <object_component id="oc-10c">
         <name>.text</name>
         <load_address>0x8d8</load_address>
         <run_address>0x8d8</run_address>
         <size>0x488</size>
         <input_file_ref idref="fl-8"/>
      </object_component>
      <object_component id="oc-131">
         <name>.text</name>
         <load_address>0xd60</load_address>
         <run_address>0xd60</run_address>
         <size>0x3f0</size>
         <input_file_ref idref="fl-b"/>
      </object_component>
      <object_component id="oc-aa">
         <name>.text</name>
         <load_address>0x1150</load_address>
         <run_address>0x1150</run_address>
         <size>0x168</size>
         <input_file_ref idref="fl-a"/>
      </object_component>
      <object_component id="oc-f1">
         <name>.text</name>
         <load_address>0x12b8</load_address>
         <run_address>0x12b8</run_address>
         <size>0x13c</size>
         <input_file_ref idref="fl-3"/>
      </object_component>
      <object_component id="oc-eb">
         <name>.text</name>
         <load_address>0x13f4</load_address>
         <run_address>0x13f4</run_address>
         <size>0x118</size>
         <input_file_ref idref="fl-2"/>
      </object_component>
      <object_component id="oc-b6">
         <name>.text</name>
         <load_address>0x150c</load_address>
         <run_address>0x150c</run_address>
         <size>0xcc</size>
         <input_file_ref idref="fl-4"/>
      </object_component>
      <object_component id="oc-bc">
         <name>.text</name>
         <load_address>0x15d8</load_address>
         <run_address>0x15d8</run_address>
         <size>0xa8</size>
         <input_file_ref idref="fl-6"/>
      </object_component>
      <object_component id="oc-2b">
         <name>.text</name>
         <load_address>0x1680</load_address>
         <run_address>0x1680</run_address>
         <size>0x9c</size>
         <input_file_ref idref="fl-138"/>
      </object_component>
      <object_component id="oc-b0">
         <name>.text</name>
         <load_address>0x171c</load_address>
         <run_address>0x171c</run_address>
         <size>0x98</size>
         <input_file_ref idref="fl-7"/>
      </object_component>
      <object_component id="oc-44">
         <name>.text</name>
         <load_address>0x17b4</load_address>
         <run_address>0x17b4</run_address>
         <size>0x7a</size>
         <input_file_ref idref="fl-139"/>
      </object_component>
      <object_component id="oc-72">
         <name>.text</name>
         <load_address>0x1830</load_address>
         <run_address>0x1830</run_address>
         <size>0x78</size>
         <input_file_ref idref="fl-c"/>
      </object_component>
      <object_component id="oc-56">
         <name>.text</name>
         <load_address>0x18a8</load_address>
         <run_address>0x18a8</run_address>
         <size>0x6c</size>
         <input_file_ref idref="fl-13e"/>
      </object_component>
      <object_component id="oc-37">
         <name>.text</name>
         <load_address>0x1914</load_address>
         <run_address>0x1914</run_address>
         <size>0x6a</size>
         <input_file_ref idref="fl-135"/>
      </object_component>
      <object_component id="oc-22">
         <name>.text</name>
         <load_address>0x1980</load_address>
         <run_address>0x1980</run_address>
         <size>0x50</size>
         <input_file_ref idref="fl-133"/>
      </object_component>
      <object_component id="oc-94">
         <name>.text</name>
         <load_address>0x19d0</load_address>
         <run_address>0x19d0</run_address>
         <size>0x4c</size>
         <input_file_ref idref="fl-13f"/>
      </object_component>
      <object_component id="oc-62">
         <name>.text</name>
         <load_address>0x1a1c</load_address>
         <run_address>0x1a1c</run_address>
         <size>0x44</size>
         <input_file_ref idref="fl-137"/>
      </object_component>
      <object_component id="oc-14e">
         <name>.text</name>
         <load_address>0x1a60</load_address>
         <run_address>0x1a60</run_address>
         <size>0x3e</size>
         <input_file_ref idref="fl-5"/>
      </object_component>
      <object_component id="oc-5c">
         <name>.text</name>
         <load_address>0x1aa0</load_address>
         <run_address>0x1aa0</run_address>
         <size>0x18</size>
         <input_file_ref idref="fl-13d"/>
      </object_component>
      <object_component id="oc-dd">
         <name>.text</name>
         <load_address>0x1ab8</load_address>
         <run_address>0x1ab8</run_address>
         <size>0x14</size>
         <input_file_ref idref="fl-13c"/>
      </object_component>
      <object_component id="oc-10">
         <name>.text:decompress:none</name>
         <load_address>0x1acc</load_address>
         <run_address>0x1acc</run_address>
         <size>0xe</size>
         <input_file_ref idref="fl-134"/>
      </object_component>
      <object_component id="oc-1c">
         <name>.text:decompress:ZI</name>
         <load_address>0x1ada</load_address>
         <run_address>0x1ada</run_address>
         <size>0xc</size>
         <input_file_ref idref="fl-136"/>
      </object_component>
      <object_component id="oc-6c">
         <name>.text</name>
         <load_address>0x1ae6</load_address>
         <run_address>0x1ae6</run_address>
         <size>0xc</size>
         <input_file_ref idref="fl-d"/>
      </object_component>
      <object_component id="oc-16">
         <name>.text:decompress:rle24</name>
         <load_address>0x1af2</load_address>
         <run_address>0x1af2</run_address>
         <size>0x6</size>
         <input_file_ref idref="fl-135"/>
      </object_component>
      <object_component id="oc-50">
         <name>.text</name>
         <load_address>0x1af8</load_address>
         <run_address>0x1af8</run_address>
         <size>0x4</size>
         <input_file_ref idref="fl-13a"/>
      </object_component>
      <object_component id="oc-15a">
         <name>.const:g_pulRegs</name>
         <load_address>0x1afc</load_address>
         <run_address>0x1afc</run_address>
         <size>0x50</size>
         <input_file_ref idref="fl-b"/>
      </object_component>
      <object_component id="oc-157">
         <name>.const</name>
         <load_address>0x1b4c</load_address>
         <run_address>0x1b4c</run_address>
         <size>0x40</size>
         <input_file_ref idref="fl-b"/>
      </object_component>
      <object_component id="oc-12e">
         <name>.const:GPIO_PORT_TO_BASE</name>
         <load_address>0x1b8c</load_address>
         <run_address>0x1b8c</run_address>
         <size>0x30</size>
         <input_file_ref idref="fl-8"/>
      </object_component>
      <object_component id="oc-137">
         <name>.const</name>
         <load_address>0x1bbc</load_address>
         <run_address>0x1bbc</run_address>
         <size>0x1c</size>
         <input_file_ref idref="fl-8"/>
      </object_component>
      <object_component id="oc-118">
         <name>.const</name>
         <load_address>0x1bd8</load_address>
         <run_address>0x1bd8</run_address>
         <size>0x14</size>
         <input_file_ref idref="fl-2"/>
      </object_component>
      <object_component id="oc-193">
         <name>.cinit..data.load</name>
         <load_address>0x1bf0</load_address>
         <run_address>0x1bf0</run_address>
         <size>0xf</size>
      </object_component>
      <object_component id="oc-190">
         <name>__TI_handler_table</name>
         <load_address>0x1c00</load_address>
         <run_address>0x1c00</run_address>
         <size>0xc</size>
      </object_component>
      <object_component id="oc-192">
         <name>.cinit..vtable.load</name>
         <load_address>0x1c10</load_address>
         <run_address>0x1c10</run_address>
         <size>0x8</size>
      </object_component>
      <object_component id="oc-191">
         <name>__TI_cinit_table</name>
         <load_address>0x1c18</load_address>
         <run_address>0x1c18</run_address>
         <size>0x10</size>
      </object_component>
      <object_component id="oc-154">
         <name>.vtable</name>
         <uninitialized>true</uninitialized>
         <run_address>0x20000000</run_address>
         <size>0xe4</size>
         <input_file_ref idref="fl-b"/>
      </object_component>
      <object_component id="oc-2a">
         <name>.stack</name>
         <uninitialized>true</uninitialized>
         <run_address>0x2000fe00</run_address>
         <size>0x0</size>
         <input_file_ref idref="fl-133"/>
      </object_component>
      <object_component id="oc-194">
         <name>.stack</name>
         <uninitialized>true</uninitialized>
         <run_address>0x2000fe00</run_address>
         <size>0x0</size>
      </object_component>
      <object_component id="oc-fa">
         <name>.data</name>
         <load_address>0x200000f4</load_address>
         <run_address>0x200000f4</run_address>
         <size>0x4</size>
         <input_file_ref idref="fl-4"/>
      </object_component>
      <object_component id="oc-c2">
         <name>.data</name>
         <load_address>0x200000f8</load_address>
         <run_address>0x200000f8</run_address>
         <size>0x4</size>
         <input_file_ref idref="fl-c"/>
      </object_component>
      <object_component id="oc-a1">
         <name>.data</name>
         <load_address>0x200000ec</load_address>
         <run_address>0x200000ec</run_address>
         <size>0x8</size>
         <input_file_ref idref="fl-137"/>
      </object_component>
      <object_component id="oc-68">
         <name>.data</name>
         <load_address>0x200000fc</load_address>
         <run_address>0x200000fc</run_address>
         <size>0x4</size>
         <input_file_ref idref="fl-13b"/>
      </object_component>
      <object_component id="oc-9e">
         <name>.data</name>
         <load_address>0x200000e4</load_address>
         <run_address>0x200000e4</run_address>
         <size>0x8</size>
         <input_file_ref idref="fl-13c"/>
      </object_component>
      <object_component id="oc-11c">
         <name>.debug_info</name>
         <load_address>0x0</load_address>
         <run_address>0x0</run_address>
         <size>0x767</size>
         <input_file_ref idref="fl-2"/>
      </object_component>
      <object_component id="oc-119">
         <name>.debug_info</name>
         <load_address>0x767</load_address>
         <run_address>0x767</run_address>
         <size>0xd2</size>
         <input_file_ref idref="fl-2"/>
      </object_component>
      <object_component id="oc-ec">
         <name>.debug_info</name>
         <load_address>0x839</load_address>
         <run_address>0x839</run_address>
         <size>0x615</size>
         <input_file_ref idref="fl-2"/>
      </object_component>
      <object_component id="oc-147">
         <name>.debug_info</name>
         <load_address>0xe4e</load_address>
         <run_address>0xe4e</run_address>
         <size>0x9a</size>
         <input_file_ref idref="fl-2"/>
      </object_component>
      <object_component id="oc-125">
         <name>.debug_info</name>
         <load_address>0xee8</load_address>
         <run_address>0xee8</run_address>
         <size>0x103e</size>
         <input_file_ref idref="fl-2"/>
      </object_component>
      <object_component id="oc-83">
         <name>.debug_info</name>
         <load_address>0x1f26</load_address>
         <run_address>0x1f26</run_address>
         <size>0x84</size>
         <input_file_ref idref="fl-2"/>
      </object_component>
      <object_component id="oc-11e">
         <name>.debug_info</name>
         <load_address>0x1faa</load_address>
         <run_address>0x1faa</run_address>
         <size>0x18b</size>
         <input_file_ref idref="fl-2"/>
      </object_component>
      <object_component id="oc-f2">
         <name>.debug_info</name>
         <load_address>0x2135</load_address>
         <run_address>0x2135</run_address>
         <size>0x4ef</size>
         <input_file_ref idref="fl-3"/>
      </object_component>
      <object_component id="oc-fb">
         <name>.debug_info</name>
         <load_address>0x2624</load_address>
         <run_address>0x2624</run_address>
         <size>0xd4</size>
         <input_file_ref idref="fl-4"/>
      </object_component>
      <object_component id="oc-b7">
         <name>.debug_info</name>
         <load_address>0x26f8</load_address>
         <run_address>0x26f8</run_address>
         <size>0x2f2</size>
         <input_file_ref idref="fl-4"/>
      </object_component>
      <object_component id="oc-14f">
         <name>.debug_info</name>
         <load_address>0x29ea</load_address>
         <run_address>0x29ea</run_address>
         <size>0x2ae</size>
         <input_file_ref idref="fl-5"/>
      </object_component>
      <object_component id="oc-ff">
         <name>.debug_info</name>
         <load_address>0x2c98</load_address>
         <run_address>0x2c98</run_address>
         <size>0x30b</size>
         <input_file_ref idref="fl-6"/>
      </object_component>
      <object_component id="oc-bd">
         <name>.debug_info</name>
         <load_address>0x2fa3</load_address>
         <run_address>0x2fa3</run_address>
         <size>0x156</size>
         <input_file_ref idref="fl-6"/>
      </object_component>
      <object_component id="oc-f9">
         <name>.debug_info</name>
         <load_address>0x30f9</load_address>
         <run_address>0x30f9</run_address>
         <size>0x319</size>
         <input_file_ref idref="fl-7"/>
      </object_component>
      <object_component id="oc-b1">
         <name>.debug_info</name>
         <load_address>0x3412</load_address>
         <run_address>0x3412</run_address>
         <size>0x197</size>
         <input_file_ref idref="fl-7"/>
      </object_component>
      <object_component id="oc-13b">
         <name>.debug_info</name>
         <load_address>0x35a9</load_address>
         <run_address>0x35a9</run_address>
         <size>0x43f</size>
         <input_file_ref idref="fl-8"/>
      </object_component>
      <object_component id="oc-138">
         <name>.debug_info</name>
         <load_address>0x39e8</load_address>
         <run_address>0x39e8</run_address>
         <size>0xdc</size>
         <input_file_ref idref="fl-8"/>
      </object_component>
      <object_component id="oc-12f">
         <name>.debug_info</name>
         <load_address>0x3ac4</load_address>
         <run_address>0x3ac4</run_address>
         <size>0xde</size>
         <input_file_ref idref="fl-8"/>
      </object_component>
      <object_component id="oc-10d">
         <name>.debug_info</name>
         <load_address>0x3ba2</load_address>
         <run_address>0x3ba2</run_address>
         <size>0x1692</size>
         <input_file_ref idref="fl-8"/>
      </object_component>
      <object_component id="oc-13d">
         <name>.debug_info</name>
         <load_address>0x5234</load_address>
         <run_address>0x5234</run_address>
         <size>0x42e</size>
         <input_file_ref idref="fl-9"/>
      </object_component>
      <object_component id="oc-113">
         <name>.debug_info</name>
         <load_address>0x5662</load_address>
         <run_address>0x5662</run_address>
         <size>0x257d</size>
         <input_file_ref idref="fl-9"/>
      </object_component>
      <object_component id="oc-13e">
         <name>.debug_info</name>
         <load_address>0x7bdf</load_address>
         <run_address>0x7bdf</run_address>
         <size>0x8b</size>
         <input_file_ref idref="fl-9"/>
      </object_component>
      <object_component id="oc-ab">
         <name>.debug_info</name>
         <load_address>0x7c6a</load_address>
         <run_address>0x7c6a</run_address>
         <size>0x13a</size>
         <input_file_ref idref="fl-a"/>
      </object_component>
      <object_component id="oc-15e">
         <name>.debug_info</name>
         <load_address>0x7da4</load_address>
         <run_address>0x7da4</run_address>
         <size>0x3cd</size>
         <input_file_ref idref="fl-b"/>
      </object_component>
      <object_component id="oc-158">
         <name>.debug_info</name>
         <load_address>0x8171</load_address>
         <run_address>0x8171</run_address>
         <size>0x181</size>
         <input_file_ref idref="fl-b"/>
      </object_component>
      <object_component id="oc-15b">
         <name>.debug_info</name>
         <load_address>0x82f2</load_address>
         <run_address>0x82f2</run_address>
         <size>0xd3</size>
         <input_file_ref idref="fl-b"/>
      </object_component>
      <object_component id="oc-155">
         <name>.debug_info</name>
         <load_address>0x83c5</load_address>
         <run_address>0x83c5</run_address>
         <size>0xe0</size>
         <input_file_ref idref="fl-b"/>
      </object_component>
      <object_component id="oc-132">
         <name>.debug_info</name>
         <load_address>0x84a5</load_address>
         <run_address>0x84a5</run_address>
         <size>0xe3b</size>
         <input_file_ref idref="fl-b"/>
      </object_component>
      <object_component id="oc-c3">
         <name>.debug_info</name>
         <load_address>0x92e0</load_address>
         <run_address>0x92e0</run_address>
         <size>0xd5</size>
         <input_file_ref idref="fl-c"/>
      </object_component>
      <object_component id="oc-73">
         <name>.debug_info</name>
         <load_address>0x93b5</load_address>
         <run_address>0x93b5</run_address>
         <size>0x1e3</size>
         <input_file_ref idref="fl-c"/>
      </object_component>
      <object_component id="oc-7a">
         <name>.debug_info</name>
         <load_address>0x9598</load_address>
         <run_address>0x9598</run_address>
         <size>0x124</size>
         <input_file_ref idref="fl-d"/>
      </object_component>
      <object_component id="oc-28">
         <name>.debug_info</name>
         <load_address>0x96bc</load_address>
         <run_address>0x96bc</run_address>
         <size>0xeb</size>
         <input_file_ref idref="fl-d"/>
      </object_component>
      <object_component id="oc-6d">
         <name>.debug_info</name>
         <load_address>0x97a7</load_address>
         <run_address>0x97a7</run_address>
         <size>0x227</size>
         <input_file_ref idref="fl-d"/>
      </object_component>
      <object_component id="oc-25">
         <name>.debug_info</name>
         <load_address>0x99ce</load_address>
         <run_address>0x99ce</run_address>
         <size>0x134</size>
         <input_file_ref idref="fl-133"/>
      </object_component>
      <object_component id="oc-36">
         <name>.debug_info</name>
         <load_address>0x9b02</load_address>
         <run_address>0x9b02</run_address>
         <size>0x121</size>
         <input_file_ref idref="fl-134"/>
      </object_component>
      <object_component id="oc-12">
         <name>.debug_info</name>
         <load_address>0x9c23</load_address>
         <run_address>0x9c23</run_address>
         <size>0x1c0</size>
         <input_file_ref idref="fl-134"/>
      </object_component>
      <object_component id="oc-31">
         <name>.debug_info</name>
         <load_address>0x9de3</load_address>
         <run_address>0x9de3</run_address>
         <size>0x46</size>
         <input_file_ref idref="fl-134"/>
      </object_component>
      <object_component id="oc-7c">
         <name>.debug_info</name>
         <load_address>0x9e29</load_address>
         <run_address>0x9e29</run_address>
         <size>0x2c</size>
         <input_file_ref idref="fl-134"/>
      </object_component>
      <object_component id="oc-3e">
         <name>.debug_info</name>
         <load_address>0x9e55</load_address>
         <run_address>0x9e55</run_address>
         <size>0x115</size>
         <input_file_ref idref="fl-135"/>
      </object_component>
      <object_component id="oc-38">
         <name>.debug_info</name>
         <load_address>0x9f6a</load_address>
         <run_address>0x9f6a</run_address>
         <size>0x228</size>
         <input_file_ref idref="fl-135"/>
      </object_component>
      <object_component id="oc-17">
         <name>.debug_info</name>
         <load_address>0xa192</load_address>
         <run_address>0xa192</run_address>
         <size>0x192</size>
         <input_file_ref idref="fl-135"/>
      </object_component>
      <object_component id="oc-3f">
         <name>.debug_info</name>
         <load_address>0xa324</load_address>
         <run_address>0xa324</run_address>
         <size>0x39</size>
         <input_file_ref idref="fl-135"/>
      </object_component>
      <object_component id="oc-8b">
         <name>.debug_info</name>
         <load_address>0xa35d</load_address>
         <run_address>0xa35d</run_address>
         <size>0x2c</size>
         <input_file_ref idref="fl-135"/>
      </object_component>
      <object_component id="oc-4f">
         <name>.debug_info</name>
         <load_address>0xa389</load_address>
         <run_address>0xa389</run_address>
         <size>0x110</size>
         <input_file_ref idref="fl-136"/>
      </object_component>
      <object_component id="oc-1d">
         <name>.debug_info</name>
         <load_address>0xa499</load_address>
         <run_address>0xa499</run_address>
         <size>0x18b</size>
         <input_file_ref idref="fl-136"/>
      </object_component>
      <object_component id="oc-4a">
         <name>.debug_info</name>
         <load_address>0xa624</load_address>
         <run_address>0xa624</run_address>
         <size>0x46</size>
         <input_file_ref idref="fl-136"/>
      </object_component>
      <object_component id="oc-a5">
         <name>.debug_info</name>
         <load_address>0xa66a</load_address>
         <run_address>0xa66a</run_address>
         <size>0x172</size>
         <input_file_ref idref="fl-137"/>
      </object_component>
      <object_component id="oc-a2">
         <name>.debug_info</name>
         <load_address>0xa7dc</load_address>
         <run_address>0xa7dc</run_address>
         <size>0x117</size>
         <input_file_ref idref="fl-137"/>
      </object_component>
      <object_component id="oc-63">
         <name>.debug_info</name>
         <load_address>0xa8f3</load_address>
         <run_address>0xa8f3</run_address>
         <size>0x1ee</size>
         <input_file_ref idref="fl-137"/>
      </object_component>
      <object_component id="oc-2c">
         <name>.debug_info</name>
         <load_address>0xaae1</load_address>
         <run_address>0xaae1</run_address>
         <size>0xf6</size>
         <input_file_ref idref="fl-138"/>
      </object_component>
      <object_component id="oc-45">
         <name>.debug_info</name>
         <load_address>0xabd7</load_address>
         <run_address>0xabd7</run_address>
         <size>0x124</size>
         <input_file_ref idref="fl-139"/>
      </object_component>
      <object_component id="oc-51">
         <name>.debug_info</name>
         <load_address>0xacfb</load_address>
         <run_address>0xacfb</run_address>
         <size>0x129</size>
         <input_file_ref idref="fl-13a"/>
      </object_component>
      <object_component id="oc-69">
         <name>.debug_info</name>
         <load_address>0xae24</load_address>
         <run_address>0xae24</run_address>
         <size>0xea</size>
         <input_file_ref idref="fl-13b"/>
      </object_component>
      <object_component id="oc-e5">
         <name>.debug_info</name>
         <load_address>0xaf0e</load_address>
         <run_address>0xaf0e</run_address>
         <size>0x105</size>
         <input_file_ref idref="fl-13c"/>
      </object_component>
      <object_component id="oc-9f">
         <name>.debug_info</name>
         <load_address>0xb013</load_address>
         <run_address>0xb013</run_address>
         <size>0xf4</size>
         <input_file_ref idref="fl-13c"/>
      </object_component>
      <object_component id="oc-de">
         <name>.debug_info</name>
         <load_address>0xb107</load_address>
         <run_address>0xb107</run_address>
         <size>0x200</size>
         <input_file_ref idref="fl-13c"/>
      </object_component>
      <object_component id="oc-9d">
         <name>.debug_info</name>
         <load_address>0xb307</load_address>
         <run_address>0xb307</run_address>
         <size>0x147</size>
         <input_file_ref idref="fl-13d"/>
      </object_component>
      <object_component id="oc-5d">
         <name>.debug_info</name>
         <load_address>0xb44e</load_address>
         <run_address>0xb44e</run_address>
         <size>0x148</size>
         <input_file_ref idref="fl-13d"/>
      </object_component>
      <object_component id="oc-d8">
         <name>.debug_info</name>
         <load_address>0xb596</load_address>
         <run_address>0xb596</run_address>
         <size>0x5e</size>
         <input_file_ref idref="fl-13d"/>
      </object_component>
      <object_component id="oc-9b">
         <name>.debug_info</name>
         <load_address>0xb5f4</load_address>
         <run_address>0xb5f4</run_address>
         <size>0x29e</size>
         <input_file_ref idref="fl-13e"/>
      </object_component>
      <object_component id="oc-57">
         <name>.debug_info</name>
         <load_address>0xb892</load_address>
         <run_address>0xb892</run_address>
         <size>0x158</size>
         <input_file_ref idref="fl-13e"/>
      </object_component>
      <object_component id="oc-cc">
         <name>.debug_info</name>
         <load_address>0xb9ea</load_address>
         <run_address>0xb9ea</run_address>
         <size>0x39</size>
         <input_file_ref idref="fl-13e"/>
      </object_component>
      <object_component id="oc-d1">
         <name>.debug_info</name>
         <load_address>0xba23</load_address>
         <run_address>0xba23</run_address>
         <size>0xcd</size>
         <input_file_ref idref="fl-13e"/>
      </object_component>
      <object_component id="oc-c9">
         <name>.debug_info</name>
         <load_address>0xbaf0</load_address>
         <run_address>0xbaf0</run_address>
         <size>0x1c1</size>
         <input_file_ref idref="fl-13f"/>
      </object_component>
      <object_component id="oc-95">
         <name>.debug_info</name>
         <load_address>0xbcb1</load_address>
         <run_address>0xbcb1</run_address>
         <size>0x164</size>
         <input_file_ref idref="fl-13f"/>
      </object_component>
      <object_component id="oc-104">
         <name>.debug_info</name>
         <load_address>0xbe15</load_address>
         <run_address>0xbe15</run_address>
         <size>0x2c</size>
         <input_file_ref idref="fl-13f"/>
      </object_component>
      <object_component id="oc-195">
         <name>.debug_info</name>
         <load_address>0xbe41</load_address>
         <run_address>0xbe41</run_address>
         <size>0xa3</size>
      </object_component>
      <object_component id="oc-146">
         <name>.debug_line</name>
         <load_address>0x0</load_address>
         <run_address>0x0</run_address>
         <size>0xa5</size>
         <input_file_ref idref="fl-2"/>
      </object_component>
      <object_component id="oc-144">
         <name>.debug_line</name>
         <load_address>0xa5</load_address>
         <run_address>0xa5</run_address>
         <size>0x30</size>
         <input_file_ref idref="fl-2"/>
      </object_component>
      <object_component id="oc-ef">
         <name>.debug_line</name>
         <load_address>0xd5</load_address>
         <run_address>0xd5</run_address>
         <size>0xe0</size>
         <input_file_ref idref="fl-2"/>
      </object_component>
      <object_component id="oc-14a">
         <name>.debug_line</name>
         <load_address>0x1b5</load_address>
         <run_address>0x1b5</run_address>
         <size>0x62</size>
         <input_file_ref idref="fl-2"/>
      </object_component>
      <object_component id="oc-128">
         <name>.debug_line</name>
         <load_address>0x217</load_address>
         <run_address>0x217</run_address>
         <size>0x68</size>
         <input_file_ref idref="fl-2"/>
      </object_component>
      <object_component id="oc-86">
         <name>.debug_line</name>
         <load_address>0x27f</load_address>
         <run_address>0x27f</run_address>
         <size>0x20</size>
         <input_file_ref idref="fl-2"/>
      </object_component>
      <object_component id="oc-121">
         <name>.debug_line</name>
         <load_address>0x29f</load_address>
         <run_address>0x29f</run_address>
         <size>0x73</size>
         <input_file_ref idref="fl-2"/>
      </object_component>
      <object_component id="oc-f5">
         <name>.debug_line</name>
         <load_address>0x312</load_address>
         <run_address>0x312</run_address>
         <size>0x121</size>
         <input_file_ref idref="fl-3"/>
      </object_component>
      <object_component id="oc-12b">
         <name>.debug_line</name>
         <load_address>0x433</load_address>
         <run_address>0x433</run_address>
         <size>0x2e</size>
         <input_file_ref idref="fl-4"/>
      </object_component>
      <object_component id="oc-ba">
         <name>.debug_line</name>
         <load_address>0x461</load_address>
         <run_address>0x461</run_address>
         <size>0x126</size>
         <input_file_ref idref="fl-4"/>
      </object_component>
      <object_component id="oc-152">
         <name>.debug_line</name>
         <load_address>0x587</load_address>
         <run_address>0x587</run_address>
         <size>0xcf</size>
         <input_file_ref idref="fl-5"/>
      </object_component>
      <object_component id="oc-12d">
         <name>.debug_line</name>
         <load_address>0x656</load_address>
         <run_address>0x656</run_address>
         <size>0x2e</size>
         <input_file_ref idref="fl-6"/>
      </object_component>
      <object_component id="oc-c0">
         <name>.debug_line</name>
         <load_address>0x684</load_address>
         <run_address>0x684</run_address>
         <size>0x9b</size>
         <input_file_ref idref="fl-6"/>
      </object_component>
      <object_component id="oc-124">
         <name>.debug_line</name>
         <load_address>0x71f</load_address>
         <run_address>0x71f</run_address>
         <size>0x34</size>
         <input_file_ref idref="fl-7"/>
      </object_component>
      <object_component id="oc-b4">
         <name>.debug_line</name>
         <load_address>0x753</load_address>
         <run_address>0x753</run_address>
         <size>0x86</size>
         <input_file_ref idref="fl-7"/>
      </object_component>
      <object_component id="oc-162">
         <name>.debug_line</name>
         <load_address>0x7d9</load_address>
         <run_address>0x7d9</run_address>
         <size>0x68</size>
         <input_file_ref idref="fl-8"/>
      </object_component>
      <object_component id="oc-160">
         <name>.debug_line</name>
         <load_address>0x841</load_address>
         <run_address>0x841</run_address>
         <size>0x2d</size>
         <input_file_ref idref="fl-8"/>
      </object_component>
      <object_component id="oc-14d">
         <name>.debug_line</name>
         <load_address>0x86e</load_address>
         <run_address>0x86e</run_address>
         <size>0x2d</size>
         <input_file_ref idref="fl-8"/>
      </object_component>
      <object_component id="oc-110">
         <name>.debug_line</name>
         <load_address>0x89b</load_address>
         <run_address>0x89b</run_address>
         <size>0x2bd</size>
         <input_file_ref idref="fl-8"/>
      </object_component>
      <object_component id="oc-164">
         <name>.debug_line</name>
         <load_address>0xb58</load_address>
         <run_address>0xb58</run_address>
         <size>0x68</size>
         <input_file_ref idref="fl-9"/>
      </object_component>
      <object_component id="oc-116">
         <name>.debug_line</name>
         <load_address>0xbc0</load_address>
         <run_address>0xbc0</run_address>
         <size>0x5a2</size>
         <input_file_ref idref="fl-9"/>
      </object_component>
      <object_component id="oc-141">
         <name>.debug_line</name>
         <load_address>0x1162</load_address>
         <run_address>0x1162</run_address>
         <size>0x20</size>
         <input_file_ref idref="fl-9"/>
      </object_component>
      <object_component id="oc-ae">
         <name>.debug_line</name>
         <load_address>0x1182</load_address>
         <run_address>0x1182</run_address>
         <size>0x60</size>
         <input_file_ref idref="fl-a"/>
      </object_component>
      <object_component id="oc-16d">
         <name>.debug_line</name>
         <load_address>0x11e2</load_address>
         <run_address>0x11e2</run_address>
         <size>0x62</size>
         <input_file_ref idref="fl-b"/>
      </object_component>
      <object_component id="oc-169">
         <name>.debug_line</name>
         <load_address>0x1244</load_address>
         <run_address>0x1244</run_address>
         <size>0x32</size>
         <input_file_ref idref="fl-b"/>
      </object_component>
      <object_component id="oc-16b">
         <name>.debug_line</name>
         <load_address>0x1276</load_address>
         <run_address>0x1276</run_address>
         <size>0x32</size>
         <input_file_ref idref="fl-b"/>
      </object_component>
      <object_component id="oc-167">
         <name>.debug_line</name>
         <load_address>0x12a8</load_address>
         <run_address>0x12a8</run_address>
         <size>0x32</size>
         <input_file_ref idref="fl-b"/>
      </object_component>
      <object_component id="oc-135">
         <name>.debug_line</name>
         <load_address>0x12da</load_address>
         <run_address>0x12da</run_address>
         <size>0x334</size>
         <input_file_ref idref="fl-b"/>
      </object_component>
      <object_component id="oc-101">
         <name>.debug_line</name>
         <load_address>0x160e</load_address>
         <run_address>0x160e</run_address>
         <size>0x2d</size>
         <input_file_ref idref="fl-c"/>
      </object_component>
      <object_component id="oc-76">
         <name>.debug_line</name>
         <load_address>0x163b</load_address>
         <run_address>0x163b</run_address>
         <size>0x8c</size>
         <input_file_ref idref="fl-c"/>
      </object_component>
      <object_component id="oc-c7">
         <name>.debug_line</name>
         <load_address>0x16c7</load_address>
         <run_address>0x16c7</run_address>
         <size>0x3b</size>
         <input_file_ref idref="fl-d"/>
      </object_component>
      <object_component id="oc-79">
         <name>.debug_line</name>
         <load_address>0x1702</load_address>
         <run_address>0x1702</run_address>
         <size>0x3b</size>
         <input_file_ref idref="fl-d"/>
      </object_component>
      <object_component id="oc-70">
         <name>.debug_line</name>
         <load_address>0x173d</load_address>
         <run_address>0x173d</run_address>
         <size>0x9b</size>
         <input_file_ref idref="fl-d"/>
      </object_component>
      <object_component id="oc-23">
         <name>.debug_line</name>
         <load_address>0x17d8</load_address>
         <run_address>0x17d8</run_address>
         <size>0x52</size>
         <input_file_ref idref="fl-133"/>
      </object_component>
      <object_component id="oc-82">
         <name>.debug_line</name>
         <load_address>0x182a</load_address>
         <run_address>0x182a</run_address>
         <size>0x80</size>
         <input_file_ref idref="fl-134"/>
      </object_component>
      <object_component id="oc-14">
         <name>.debug_line</name>
         <load_address>0x18aa</load_address>
         <run_address>0x18aa</run_address>
         <size>0x55</size>
         <input_file_ref idref="fl-134"/>
      </object_component>
      <object_component id="oc-34">
         <name>.debug_line</name>
         <load_address>0x18ff</load_address>
         <run_address>0x18ff</run_address>
         <size>0x3a</size>
         <input_file_ref idref="fl-134"/>
      </object_component>
      <object_component id="oc-7f">
         <name>.debug_line</name>
         <load_address>0x1939</load_address>
         <run_address>0x1939</run_address>
         <size>0x80</size>
         <input_file_ref idref="fl-134"/>
      </object_component>
      <object_component id="oc-8a">
         <name>.debug_line</name>
         <load_address>0x19b9</load_address>
         <run_address>0x19b9</run_address>
         <size>0x80</size>
         <input_file_ref idref="fl-135"/>
      </object_component>
      <object_component id="oc-3b">
         <name>.debug_line</name>
         <load_address>0x1a39</load_address>
         <run_address>0x1a39</run_address>
         <size>0x98</size>
         <input_file_ref idref="fl-135"/>
      </object_component>
      <object_component id="oc-1a">
         <name>.debug_line</name>
         <load_address>0x1ad1</load_address>
         <run_address>0x1ad1</run_address>
         <size>0x4b</size>
         <input_file_ref idref="fl-135"/>
      </object_component>
      <object_component id="oc-42">
         <name>.debug_line</name>
         <load_address>0x1b1c</load_address>
         <run_address>0x1b1c</run_address>
         <size>0x39</size>
         <input_file_ref idref="fl-135"/>
      </object_component>
      <object_component id="oc-8e">
         <name>.debug_line</name>
         <load_address>0x1b55</load_address>
         <run_address>0x1b55</run_address>
         <size>0x80</size>
         <input_file_ref idref="fl-135"/>
      </object_component>
      <object_component id="oc-92">
         <name>.debug_line</name>
         <load_address>0x1bd5</load_address>
         <run_address>0x1bd5</run_address>
         <size>0x80</size>
         <input_file_ref idref="fl-136"/>
      </object_component>
      <object_component id="oc-20">
         <name>.debug_line</name>
         <load_address>0x1c55</load_address>
         <run_address>0x1c55</run_address>
         <size>0x4f</size>
         <input_file_ref idref="fl-136"/>
      </object_component>
      <object_component id="oc-4d">
         <name>.debug_line</name>
         <load_address>0x1ca4</load_address>
         <run_address>0x1ca4</run_address>
         <size>0x34</size>
         <input_file_ref idref="fl-136"/>
      </object_component>
      <object_component id="oc-ea">
         <name>.debug_line</name>
         <load_address>0x1cd8</load_address>
         <run_address>0x1cd8</run_address>
         <size>0x7f</size>
         <input_file_ref idref="fl-137"/>
      </object_component>
      <object_component id="oc-e8">
         <name>.debug_line</name>
         <load_address>0x1d57</load_address>
         <run_address>0x1d57</run_address>
         <size>0x2a</size>
         <input_file_ref idref="fl-137"/>
      </object_component>
      <object_component id="oc-66">
         <name>.debug_line</name>
         <load_address>0x1d81</load_address>
         <run_address>0x1d81</run_address>
         <size>0x7a</size>
         <input_file_ref idref="fl-137"/>
      </object_component>
      <object_component id="oc-2f">
         <name>.debug_line</name>
         <load_address>0x1dfb</load_address>
         <run_address>0x1dfb</run_address>
         <size>0x88</size>
         <input_file_ref idref="fl-138"/>
      </object_component>
      <object_component id="oc-48">
         <name>.debug_line</name>
         <load_address>0x1e83</load_address>
         <run_address>0x1e83</run_address>
         <size>0x79</size>
         <input_file_ref idref="fl-139"/>
      </object_component>
      <object_component id="oc-54">
         <name>.debug_line</name>
         <load_address>0x1efc</load_address>
         <run_address>0x1efc</run_address>
         <size>0x40</size>
         <input_file_ref idref="fl-13a"/>
      </object_component>
      <object_component id="oc-a8">
         <name>.debug_line</name>
         <load_address>0x1f3c</load_address>
         <run_address>0x1f3c</run_address>
         <size>0x33</size>
         <input_file_ref idref="fl-13b"/>
      </object_component>
      <object_component id="oc-10b">
         <name>.debug_line</name>
         <load_address>0x1f6f</load_address>
         <run_address>0x1f6f</run_address>
         <size>0x20</size>
         <input_file_ref idref="fl-13c"/>
      </object_component>
      <object_component id="oc-e4">
         <name>.debug_line</name>
         <load_address>0x1f8f</load_address>
         <run_address>0x1f8f</run_address>
         <size>0x2b</size>
         <input_file_ref idref="fl-13c"/>
      </object_component>
      <object_component id="oc-e1">
         <name>.debug_line</name>
         <load_address>0x1fba</load_address>
         <run_address>0x1fba</run_address>
         <size>0x68</size>
         <input_file_ref idref="fl-13c"/>
      </object_component>
      <object_component id="oc-d7">
         <name>.debug_line</name>
         <load_address>0x2022</load_address>
         <run_address>0x2022</run_address>
         <size>0x2b</size>
         <input_file_ref idref="fl-13d"/>
      </object_component>
      <object_component id="oc-60">
         <name>.debug_line</name>
         <load_address>0x204d</load_address>
         <run_address>0x204d</run_address>
         <size>0x50</size>
         <input_file_ref idref="fl-13d"/>
      </object_component>
      <object_component id="oc-db">
         <name>.debug_line</name>
         <load_address>0x209d</load_address>
         <run_address>0x209d</run_address>
         <size>0x2b</size>
         <input_file_ref idref="fl-13d"/>
      </object_component>
      <object_component id="oc-cb">
         <name>.debug_line</name>
         <load_address>0x20c8</load_address>
         <run_address>0x20c8</run_address>
         <size>0x8f</size>
         <input_file_ref idref="fl-13e"/>
      </object_component>
      <object_component id="oc-5a">
         <name>.debug_line</name>
         <load_address>0x2157</load_address>
         <run_address>0x2157</run_address>
         <size>0x79</size>
         <input_file_ref idref="fl-13e"/>
      </object_component>
      <object_component id="oc-cf">
         <name>.debug_line</name>
         <load_address>0x21d0</load_address>
         <run_address>0x21d0</run_address>
         <size>0x2e</size>
         <input_file_ref idref="fl-13e"/>
      </object_component>
      <object_component id="oc-d4">
         <name>.debug_line</name>
         <load_address>0x21fe</load_address>
         <run_address>0x21fe</run_address>
         <size>0x81</size>
         <input_file_ref idref="fl-13e"/>
      </object_component>
      <object_component id="oc-103">
         <name>.debug_line</name>
         <load_address>0x227f</load_address>
         <run_address>0x227f</run_address>
         <size>0x8e</size>
         <input_file_ref idref="fl-13f"/>
      </object_component>
      <object_component id="oc-98">
         <name>.debug_line</name>
         <load_address>0x230d</load_address>
         <run_address>0x230d</run_address>
         <size>0x68</size>
         <input_file_ref idref="fl-13f"/>
      </object_component>
      <object_component id="oc-107">
         <name>.debug_line</name>
         <load_address>0x2375</load_address>
         <run_address>0x2375</run_address>
         <size>0x2e</size>
         <input_file_ref idref="fl-13f"/>
      </object_component>
      <object_component id="oc-f0">
         <name>.debug_frame</name>
         <load_address>0x0</load_address>
         <run_address>0x0</run_address>
         <size>0xef</size>
         <input_file_ref idref="fl-2"/>
      </object_component>
      <object_component id="oc-f6">
         <name>.debug_frame</name>
         <load_address>0xef</load_address>
         <run_address>0xef</run_address>
         <size>0x11b</size>
         <input_file_ref idref="fl-3"/>
      </object_component>
      <object_component id="oc-bb">
         <name>.debug_frame</name>
         <load_address>0x20a</load_address>
         <run_address>0x20a</run_address>
         <size>0xc9</size>
         <input_file_ref idref="fl-4"/>
      </object_component>
      <object_component id="oc-153">
         <name>.debug_frame</name>
         <load_address>0x2d3</load_address>
         <run_address>0x2d3</run_address>
         <size>0xda</size>
         <input_file_ref idref="fl-5"/>
      </object_component>
      <object_component id="oc-c1">
         <name>.debug_frame</name>
         <load_address>0x3ad</load_address>
         <run_address>0x3ad</run_address>
         <size>0x8b</size>
         <input_file_ref idref="fl-6"/>
      </object_component>
      <object_component id="oc-b5">
         <name>.debug_frame</name>
         <load_address>0x438</load_address>
         <run_address>0x438</run_address>
         <size>0x9d</size>
         <input_file_ref idref="fl-7"/>
      </object_component>
      <object_component id="oc-111">
         <name>.debug_frame</name>
         <load_address>0x4d5</load_address>
         <run_address>0x4d5</run_address>
         <size>0x249</size>
         <input_file_ref idref="fl-8"/>
      </object_component>
      <object_component id="oc-117">
         <name>.debug_frame</name>
         <load_address>0x71e</load_address>
         <run_address>0x71e</run_address>
         <size>0x425</size>
         <input_file_ref idref="fl-9"/>
      </object_component>
      <object_component id="oc-af">
         <name>.debug_frame</name>
         <load_address>0xb43</load_address>
         <run_address>0xb43</run_address>
         <size>0x87</size>
         <input_file_ref idref="fl-a"/>
      </object_component>
      <object_component id="oc-136">
         <name>.debug_frame</name>
         <load_address>0xbca</load_address>
         <run_address>0xbca</run_address>
         <size>0x226</size>
         <input_file_ref idref="fl-b"/>
      </object_component>
      <object_component id="oc-77">
         <name>.debug_frame</name>
         <load_address>0xdf0</load_address>
         <run_address>0xdf0</run_address>
         <size>0x97</size>
         <input_file_ref idref="fl-c"/>
      </object_component>
      <object_component id="oc-71">
         <name>.debug_frame</name>
         <load_address>0xe87</load_address>
         <run_address>0xe87</run_address>
         <size>0xb2</size>
         <input_file_ref idref="fl-d"/>
      </object_component>
      <object_component id="oc-15">
         <name>.debug_frame</name>
         <load_address>0xf39</load_address>
         <run_address>0xf39</run_address>
         <size>0x7f</size>
         <input_file_ref idref="fl-134"/>
      </object_component>
      <object_component id="oc-3c">
         <name>.debug_frame</name>
         <load_address>0xfb8</load_address>
         <run_address>0xfb8</run_address>
         <size>0x8e</size>
         <input_file_ref idref="fl-135"/>
      </object_component>
      <object_component id="oc-1b">
         <name>.debug_frame</name>
         <load_address>0x1046</load_address>
         <run_address>0x1046</run_address>
         <size>0x7f</size>
         <input_file_ref idref="fl-135"/>
      </object_component>
      <object_component id="oc-21">
         <name>.debug_frame</name>
         <load_address>0x10c5</load_address>
         <run_address>0x10c5</run_address>
         <size>0x7f</size>
         <input_file_ref idref="fl-136"/>
      </object_component>
      <object_component id="oc-67">
         <name>.debug_frame</name>
         <load_address>0x1144</load_address>
         <run_address>0x1144</run_address>
         <size>0xb3</size>
         <input_file_ref idref="fl-137"/>
      </object_component>
      <object_component id="oc-55">
         <name>.debug_frame</name>
         <load_address>0x11f7</load_address>
         <run_address>0x11f7</run_address>
         <size>0x7f</size>
         <input_file_ref idref="fl-13a"/>
      </object_component>
      <object_component id="oc-e2">
         <name>.debug_frame</name>
         <load_address>0x1276</load_address>
         <run_address>0x1276</run_address>
         <size>0xa1</size>
         <input_file_ref idref="fl-13c"/>
      </object_component>
      <object_component id="oc-61">
         <name>.debug_frame</name>
         <load_address>0x1317</load_address>
         <run_address>0x1317</run_address>
         <size>0x7f</size>
         <input_file_ref idref="fl-13d"/>
      </object_component>
      <object_component id="oc-5b">
         <name>.debug_frame</name>
         <load_address>0x1396</load_address>
         <run_address>0x1396</run_address>
         <size>0x8a</size>
         <input_file_ref idref="fl-13e"/>
      </object_component>
      <object_component id="oc-99">
         <name>.debug_frame</name>
         <load_address>0x1420</load_address>
         <run_address>0x1420</run_address>
         <size>0x8e</size>
         <input_file_ref idref="fl-13f"/>
      </object_component>
      <object_component id="oc-145">
         <name>.debug_abbrev</name>
         <load_address>0x0</load_address>
         <run_address>0x0</run_address>
         <size>0xc1</size>
         <input_file_ref idref="fl-2"/>
      </object_component>
      <object_component id="oc-143">
         <name>.debug_abbrev</name>
         <load_address>0xc1</load_address>
         <run_address>0xc1</run_address>
         <size>0x29</size>
         <input_file_ref idref="fl-2"/>
      </object_component>
      <object_component id="oc-11b">
         <name>.debug_abbrev</name>
         <load_address>0xea</load_address>
         <run_address>0xea</run_address>
         <size>0xa9</size>
         <input_file_ref idref="fl-2"/>
      </object_component>
      <object_component id="oc-149">
         <name>.debug_abbrev</name>
         <load_address>0x193</load_address>
         <run_address>0x193</run_address>
         <size>0x49</size>
         <input_file_ref idref="fl-2"/>
      </object_component>
      <object_component id="oc-127">
         <name>.debug_abbrev</name>
         <load_address>0x1dc</load_address>
         <run_address>0x1dc</run_address>
         <size>0x97</size>
         <input_file_ref idref="fl-2"/>
      </object_component>
      <object_component id="oc-85">
         <name>.debug_abbrev</name>
         <load_address>0x273</load_address>
         <run_address>0x273</run_address>
         <size>0x1f</size>
         <input_file_ref idref="fl-2"/>
      </object_component>
      <object_component id="oc-120">
         <name>.debug_abbrev</name>
         <load_address>0x292</load_address>
         <run_address>0x292</run_address>
         <size>0x35</size>
         <input_file_ref idref="fl-2"/>
      </object_component>
      <object_component id="oc-11d">
         <name>.debug_abbrev</name>
         <load_address>0x2c7</load_address>
         <run_address>0x2c7</run_address>
         <size>0x9b</size>
         <input_file_ref idref="fl-3"/>
      </object_component>
      <object_component id="oc-12a">
         <name>.debug_abbrev</name>
         <load_address>0x362</load_address>
         <run_address>0x362</run_address>
         <size>0x29</size>
         <input_file_ref idref="fl-4"/>
      </object_component>
      <object_component id="oc-fd">
         <name>.debug_abbrev</name>
         <load_address>0x38b</load_address>
         <run_address>0x38b</run_address>
         <size>0xc6</size>
         <input_file_ref idref="fl-4"/>
      </object_component>
      <object_component id="oc-165">
         <name>.debug_abbrev</name>
         <load_address>0x451</load_address>
         <run_address>0x451</run_address>
         <size>0xf9</size>
         <input_file_ref idref="fl-5"/>
      </object_component>
      <object_component id="oc-12c">
         <name>.debug_abbrev</name>
         <load_address>0x54a</load_address>
         <run_address>0x54a</run_address>
         <size>0x7a</size>
         <input_file_ref idref="fl-6"/>
      </object_component>
      <object_component id="oc-fe">
         <name>.debug_abbrev</name>
         <load_address>0x5c4</load_address>
         <run_address>0x5c4</run_address>
         <size>0x77</size>
         <input_file_ref idref="fl-6"/>
      </object_component>
      <object_component id="oc-123">
         <name>.debug_abbrev</name>
         <load_address>0x63b</load_address>
         <run_address>0x63b</run_address>
         <size>0x7c</size>
         <input_file_ref idref="fl-7"/>
      </object_component>
      <object_component id="oc-f8">
         <name>.debug_abbrev</name>
         <load_address>0x6b7</load_address>
         <run_address>0x6b7</run_address>
         <size>0x9b</size>
         <input_file_ref idref="fl-7"/>
      </object_component>
      <object_component id="oc-161">
         <name>.debug_abbrev</name>
         <load_address>0x752</load_address>
         <run_address>0x752</run_address>
         <size>0xb0</size>
         <input_file_ref idref="fl-8"/>
      </object_component>
      <object_component id="oc-15f">
         <name>.debug_abbrev</name>
         <load_address>0x802</load_address>
         <run_address>0x802</run_address>
         <size>0x27</size>
         <input_file_ref idref="fl-8"/>
      </object_component>
      <object_component id="oc-14c">
         <name>.debug_abbrev</name>
         <load_address>0x829</load_address>
         <run_address>0x829</run_address>
         <size>0x27</size>
         <input_file_ref idref="fl-8"/>
      </object_component>
      <object_component id="oc-13a">
         <name>.debug_abbrev</name>
         <load_address>0x850</load_address>
         <run_address>0x850</run_address>
         <size>0x132</size>
         <input_file_ref idref="fl-8"/>
      </object_component>
      <object_component id="oc-163">
         <name>.debug_abbrev</name>
         <load_address>0x982</load_address>
         <run_address>0x982</run_address>
         <size>0xb0</size>
         <input_file_ref idref="fl-9"/>
      </object_component>
      <object_component id="oc-13c">
         <name>.debug_abbrev</name>
         <load_address>0xa32</load_address>
         <run_address>0xa32</run_address>
         <size>0x134</size>
         <input_file_ref idref="fl-9"/>
      </object_component>
      <object_component id="oc-140">
         <name>.debug_abbrev</name>
         <load_address>0xb66</load_address>
         <run_address>0xb66</run_address>
         <size>0x1f</size>
         <input_file_ref idref="fl-9"/>
      </object_component>
      <object_component id="oc-f7">
         <name>.debug_abbrev</name>
         <load_address>0xb85</load_address>
         <run_address>0xb85</run_address>
         <size>0x6d</size>
         <input_file_ref idref="fl-a"/>
      </object_component>
      <object_component id="oc-16c">
         <name>.debug_abbrev</name>
         <load_address>0xbf2</load_address>
         <run_address>0xbf2</run_address>
         <size>0xa9</size>
         <input_file_ref idref="fl-b"/>
      </object_component>
      <object_component id="oc-168">
         <name>.debug_abbrev</name>
         <load_address>0xc9b</load_address>
         <run_address>0xc9b</run_address>
         <size>0x27</size>
         <input_file_ref idref="fl-b"/>
      </object_component>
      <object_component id="oc-16a">
         <name>.debug_abbrev</name>
         <load_address>0xcc2</load_address>
         <run_address>0xcc2</run_address>
         <size>0x27</size>
         <input_file_ref idref="fl-b"/>
      </object_component>
      <object_component id="oc-166">
         <name>.debug_abbrev</name>
         <load_address>0xce9</load_address>
         <run_address>0xce9</run_address>
         <size>0x29</size>
         <input_file_ref idref="fl-b"/>
      </object_component>
      <object_component id="oc-15d">
         <name>.debug_abbrev</name>
         <load_address>0xd12</load_address>
         <run_address>0xd12</run_address>
         <size>0x15d</size>
         <input_file_ref idref="fl-b"/>
      </object_component>
      <object_component id="oc-100">
         <name>.debug_abbrev</name>
         <load_address>0xe6f</load_address>
         <run_address>0xe6f</run_address>
         <size>0x29</size>
         <input_file_ref idref="fl-c"/>
      </object_component>
      <object_component id="oc-c5">
         <name>.debug_abbrev</name>
         <load_address>0xe98</load_address>
         <run_address>0xe98</run_address>
         <size>0xaa</size>
         <input_file_ref idref="fl-c"/>
      </object_component>
      <object_component id="oc-c6">
         <name>.debug_abbrev</name>
         <load_address>0xf42</load_address>
         <run_address>0xf42</run_address>
         <size>0x71</size>
         <input_file_ref idref="fl-d"/>
      </object_component>
      <object_component id="oc-78">
         <name>.debug_abbrev</name>
         <load_address>0xfb3</load_address>
         <run_address>0xfb3</run_address>
         <size>0x29</size>
         <input_file_ref idref="fl-d"/>
      </object_component>
      <object_component id="oc-a9">
         <name>.debug_abbrev</name>
         <load_address>0xfdc</load_address>
         <run_address>0xfdc</run_address>
         <size>0x77</size>
         <input_file_ref idref="fl-d"/>
      </object_component>
      <object_component id="oc-6b">
         <name>.debug_abbrev</name>
         <load_address>0x1053</load_address>
         <run_address>0x1053</run_address>
         <size>0x3e</size>
         <input_file_ref idref="fl-133"/>
      </object_component>
      <object_component id="oc-81">
         <name>.debug_abbrev</name>
         <load_address>0x1091</load_address>
         <run_address>0x1091</run_address>
         <size>0x52</size>
         <input_file_ref idref="fl-134"/>
      </object_component>
      <object_component id="oc-30">
         <name>.debug_abbrev</name>
         <load_address>0x10e3</load_address>
         <run_address>0x10e3</run_address>
         <size>0x74</size>
         <input_file_ref idref="fl-134"/>
      </object_component>
      <object_component id="oc-33">
         <name>.debug_abbrev</name>
         <load_address>0x1157</load_address>
         <run_address>0x1157</run_address>
         <size>0x24</size>
         <input_file_ref idref="fl-134"/>
      </object_component>
      <object_component id="oc-7e">
         <name>.debug_abbrev</name>
         <load_address>0x117b</load_address>
         <run_address>0x117b</run_address>
         <size>0x24</size>
         <input_file_ref idref="fl-134"/>
      </object_component>
      <object_component id="oc-89">
         <name>.debug_abbrev</name>
         <load_address>0x119f</load_address>
         <run_address>0x119f</run_address>
         <size>0x52</size>
         <input_file_ref idref="fl-135"/>
      </object_component>
      <object_component id="oc-88">
         <name>.debug_abbrev</name>
         <load_address>0x11f1</load_address>
         <run_address>0x11f1</run_address>
         <size>0x7b</size>
         <input_file_ref idref="fl-135"/>
      </object_component>
      <object_component id="oc-3d">
         <name>.debug_abbrev</name>
         <load_address>0x126c</load_address>
         <run_address>0x126c</run_address>
         <size>0x66</size>
         <input_file_ref idref="fl-135"/>
      </object_component>
      <object_component id="oc-41">
         <name>.debug_abbrev</name>
         <load_address>0x12d2</load_address>
         <run_address>0x12d2</run_address>
         <size>0x24</size>
         <input_file_ref idref="fl-135"/>
      </object_component>
      <object_component id="oc-8d">
         <name>.debug_abbrev</name>
         <load_address>0x12f6</load_address>
         <run_address>0x12f6</run_address>
         <size>0x24</size>
         <input_file_ref idref="fl-135"/>
      </object_component>
      <object_component id="oc-91">
         <name>.debug_abbrev</name>
         <load_address>0x131a</load_address>
         <run_address>0x131a</run_address>
         <size>0x52</size>
         <input_file_ref idref="fl-136"/>
      </object_component>
      <object_component id="oc-49">
         <name>.debug_abbrev</name>
         <load_address>0x136c</load_address>
         <run_address>0x136c</run_address>
         <size>0x74</size>
         <input_file_ref idref="fl-136"/>
      </object_component>
      <object_component id="oc-4c">
         <name>.debug_abbrev</name>
         <load_address>0x13e0</load_address>
         <run_address>0x13e0</run_address>
         <size>0x24</size>
         <input_file_ref idref="fl-136"/>
      </object_component>
      <object_component id="oc-e9">
         <name>.debug_abbrev</name>
         <load_address>0x1404</load_address>
         <run_address>0x1404</run_address>
         <size>0x6b</size>
         <input_file_ref idref="fl-137"/>
      </object_component>
      <object_component id="oc-e7">
         <name>.debug_abbrev</name>
         <load_address>0x146f</load_address>
         <run_address>0x146f</run_address>
         <size>0x29</size>
         <input_file_ref idref="fl-137"/>
      </object_component>
      <object_component id="oc-a4">
         <name>.debug_abbrev</name>
         <load_address>0x1498</load_address>
         <run_address>0x1498</run_address>
         <size>0xba</size>
         <input_file_ref idref="fl-137"/>
      </object_component>
      <object_component id="oc-7b">
         <name>.debug_abbrev</name>
         <load_address>0x1552</load_address>
         <run_address>0x1552</run_address>
         <size>0x3e</size>
         <input_file_ref idref="fl-138"/>
      </object_component>
      <object_component id="oc-90">
         <name>.debug_abbrev</name>
         <load_address>0x1590</load_address>
         <run_address>0x1590</run_address>
         <size>0x4f</size>
         <input_file_ref idref="fl-139"/>
      </object_component>
      <object_component id="oc-93">
         <name>.debug_abbrev</name>
         <load_address>0x15df</load_address>
         <run_address>0x15df</run_address>
         <size>0x55</size>
         <input_file_ref idref="fl-13a"/>
      </object_component>
      <object_component id="oc-a7">
         <name>.debug_abbrev</name>
         <load_address>0x1634</load_address>
         <run_address>0x1634</run_address>
         <size>0x27</size>
         <input_file_ref idref="fl-13b"/>
      </object_component>
      <object_component id="oc-10a">
         <name>.debug_abbrev</name>
         <load_address>0x165b</load_address>
         <run_address>0x165b</run_address>
         <size>0x45</size>
         <input_file_ref idref="fl-13c"/>
      </object_component>
      <object_component id="oc-e3">
         <name>.debug_abbrev</name>
         <load_address>0x16a0</load_address>
         <run_address>0x16a0</run_address>
         <size>0x29</size>
         <input_file_ref idref="fl-13c"/>
      </object_component>
      <object_component id="oc-109">
         <name>.debug_abbrev</name>
         <load_address>0x16c9</load_address>
         <run_address>0x16c9</run_address>
         <size>0x6f</size>
         <input_file_ref idref="fl-13c"/>
      </object_component>
      <object_component id="oc-d6">
         <name>.debug_abbrev</name>
         <load_address>0x1738</load_address>
         <run_address>0x1738</run_address>
         <size>0x8e</size>
         <input_file_ref idref="fl-13d"/>
      </object_component>
      <object_component id="oc-9c">
         <name>.debug_abbrev</name>
         <load_address>0x17c6</load_address>
         <run_address>0x17c6</run_address>
         <size>0x68</size>
         <input_file_ref idref="fl-13d"/>
      </object_component>
      <object_component id="oc-da">
         <name>.debug_abbrev</name>
         <load_address>0x182e</load_address>
         <run_address>0x182e</run_address>
         <size>0x49</size>
         <input_file_ref idref="fl-13d"/>
      </object_component>
      <object_component id="oc-ca">
         <name>.debug_abbrev</name>
         <load_address>0x1877</load_address>
         <run_address>0x1877</run_address>
         <size>0x9a</size>
         <input_file_ref idref="fl-13e"/>
      </object_component>
      <object_component id="oc-9a">
         <name>.debug_abbrev</name>
         <load_address>0x1911</load_address>
         <run_address>0x1911</run_address>
         <size>0x7e</size>
         <input_file_ref idref="fl-13e"/>
      </object_component>
      <object_component id="oc-ce">
         <name>.debug_abbrev</name>
         <load_address>0x198f</load_address>
         <run_address>0x198f</run_address>
         <size>0x24</size>
         <input_file_ref idref="fl-13e"/>
      </object_component>
      <object_component id="oc-d3">
         <name>.debug_abbrev</name>
         <load_address>0x19b3</load_address>
         <run_address>0x19b3</run_address>
         <size>0x4b</size>
         <input_file_ref idref="fl-13e"/>
      </object_component>
      <object_component id="oc-102">
         <name>.debug_abbrev</name>
         <load_address>0x19fe</load_address>
         <run_address>0x19fe</run_address>
         <size>0x9c</size>
         <input_file_ref idref="fl-13f"/>
      </object_component>
      <object_component id="oc-c8">
         <name>.debug_abbrev</name>
         <load_address>0x1a9a</load_address>
         <run_address>0x1a9a</run_address>
         <size>0x8c</size>
         <input_file_ref idref="fl-13f"/>
      </object_component>
      <object_component id="oc-106">
         <name>.debug_abbrev</name>
         <load_address>0x1b26</load_address>
         <run_address>0x1b26</run_address>
         <size>0x24</size>
         <input_file_ref idref="fl-13f"/>
      </object_component>
      <object_component id="oc-196">
         <name>.debug_abbrev</name>
         <load_address>0x1b4a</load_address>
         <run_address>0x1b4a</run_address>
         <size>0xf</size>
      </object_component>
      <object_component id="oc-14b">
         <name>.debug_str</name>
         <load_address>0x0</load_address>
         <run_address>0x0</run_address>
         <size>0x130</size>
         <input_file_ref idref="fl-2"/>
      </object_component>
      <object_component id="oc-129">
         <name>.debug_str</name>
         <load_address>0x130</load_address>
         <run_address>0x130</run_address>
         <size>0x480</size>
         <input_file_ref idref="fl-2"/>
      </object_component>
      <object_component id="oc-87">
         <name>.debug_str</name>
         <load_address>0x5b0</load_address>
         <run_address>0x5b0</run_address>
         <size>0xf7</size>
         <input_file_ref idref="fl-2"/>
      </object_component>
      <object_component id="oc-122">
         <name>.debug_str</name>
         <load_address>0x6a7</load_address>
         <run_address>0x6a7</run_address>
         <size>0x224</size>
         <input_file_ref idref="fl-2"/>
      </object_component>
      <object_component id="oc-142">
         <name>.debug_str</name>
         <load_address>0x8cb</load_address>
         <run_address>0x8cb</run_address>
         <size>0xf7</size>
         <input_file_ref idref="fl-9"/>
      </object_component>
      <object_component id="oc-35">
         <name>.debug_str</name>
         <load_address>0x9c2</load_address>
         <run_address>0x9c2</run_address>
         <size>0xe1</size>
         <input_file_ref idref="fl-134"/>
      </object_component>
      <object_component id="oc-80">
         <name>.debug_str</name>
         <load_address>0xaa3</load_address>
         <run_address>0xaa3</run_address>
         <size>0x104</size>
         <input_file_ref idref="fl-134"/>
      </object_component>
      <object_component id="oc-43">
         <name>.debug_str</name>
         <load_address>0xba7</load_address>
         <run_address>0xba7</run_address>
         <size>0xd3</size>
         <input_file_ref idref="fl-135"/>
      </object_component>
      <object_component id="oc-8f">
         <name>.debug_str</name>
         <load_address>0xc7a</load_address>
         <run_address>0xc7a</run_address>
         <size>0x104</size>
         <input_file_ref idref="fl-135"/>
      </object_component>
      <object_component id="oc-4e">
         <name>.debug_str</name>
         <load_address>0xd7e</load_address>
         <run_address>0xd7e</run_address>
         <size>0xdb</size>
         <input_file_ref idref="fl-136"/>
      </object_component>
      <object_component id="oc-dc">
         <name>.debug_str</name>
         <load_address>0xe59</load_address>
         <run_address>0xe59</run_address>
         <size>0xb7</size>
         <input_file_ref idref="fl-13d"/>
      </object_component>
      <object_component id="oc-d0">
         <name>.debug_str</name>
         <load_address>0xf10</load_address>
         <run_address>0xf10</run_address>
         <size>0xc3</size>
         <input_file_ref idref="fl-13e"/>
      </object_component>
      <object_component id="oc-d5">
         <name>.debug_str</name>
         <load_address>0xfd3</load_address>
         <run_address>0xfd3</run_address>
         <size>0x15b</size>
         <input_file_ref idref="fl-13e"/>
      </object_component>
      <object_component id="oc-108">
         <name>.debug_str</name>
         <load_address>0x112e</load_address>
         <run_address>0x112e</run_address>
         <size>0xb8</size>
         <input_file_ref idref="fl-13f"/>
      </object_component>
      <object_component id="oc-ed">
         <name>.debug_aranges</name>
         <load_address>0x0</load_address>
         <run_address>0x0</run_address>
         <size>0x40</size>
         <input_file_ref idref="fl-2"/>
      </object_component>
      <object_component id="oc-f3">
         <name>.debug_aranges</name>
         <load_address>0x40</load_address>
         <run_address>0x40</run_address>
         <size>0x50</size>
         <input_file_ref idref="fl-3"/>
      </object_component>
      <object_component id="oc-b8">
         <name>.debug_aranges</name>
         <load_address>0x90</load_address>
         <run_address>0x90</run_address>
         <size>0x40</size>
         <input_file_ref idref="fl-4"/>
      </object_component>
      <object_component id="oc-150">
         <name>.debug_aranges</name>
         <load_address>0xd0</load_address>
         <run_address>0xd0</run_address>
         <size>0x48</size>
         <input_file_ref idref="fl-5"/>
      </object_component>
      <object_component id="oc-be">
         <name>.debug_aranges</name>
         <load_address>0x118</load_address>
         <run_address>0x118</run_address>
         <size>0x20</size>
         <input_file_ref idref="fl-6"/>
      </object_component>
      <object_component id="oc-b2">
         <name>.debug_aranges</name>
         <load_address>0x138</load_address>
         <run_address>0x138</run_address>
         <size>0x28</size>
         <input_file_ref idref="fl-7"/>
      </object_component>
      <object_component id="oc-10e">
         <name>.debug_aranges</name>
         <load_address>0x160</load_address>
         <run_address>0x160</run_address>
         <size>0xb8</size>
         <input_file_ref idref="fl-8"/>
      </object_component>
      <object_component id="oc-114">
         <name>.debug_aranges</name>
         <load_address>0x218</load_address>
         <run_address>0x218</run_address>
         <size>0x160</size>
         <input_file_ref idref="fl-9"/>
      </object_component>
      <object_component id="oc-ac">
         <name>.debug_aranges</name>
         <load_address>0x378</load_address>
         <run_address>0x378</run_address>
         <size>0x20</size>
         <input_file_ref idref="fl-a"/>
      </object_component>
      <object_component id="oc-133">
         <name>.debug_aranges</name>
         <load_address>0x398</load_address>
         <run_address>0x398</run_address>
         <size>0xb8</size>
         <input_file_ref idref="fl-b"/>
      </object_component>
      <object_component id="oc-74">
         <name>.debug_aranges</name>
         <load_address>0x450</load_address>
         <run_address>0x450</run_address>
         <size>0x28</size>
         <input_file_ref idref="fl-c"/>
      </object_component>
      <object_component id="oc-6e">
         <name>.debug_aranges</name>
         <load_address>0x478</load_address>
         <run_address>0x478</run_address>
         <size>0x38</size>
         <input_file_ref idref="fl-d"/>
      </object_component>
      <object_component id="oc-24">
         <name>.debug_aranges</name>
         <load_address>0x4b0</load_address>
         <run_address>0x4b0</run_address>
         <size>0x20</size>
         <input_file_ref idref="fl-133"/>
      </object_component>
      <object_component id="oc-11">
         <name>.debug_aranges</name>
         <load_address>0x4d0</load_address>
         <run_address>0x4d0</run_address>
         <size>0x20</size>
         <input_file_ref idref="fl-134"/>
      </object_component>
      <object_component id="oc-39">
         <name>.debug_aranges</name>
         <load_address>0x4f0</load_address>
         <run_address>0x4f0</run_address>
         <size>0x20</size>
         <input_file_ref idref="fl-135"/>
      </object_component>
      <object_component id="oc-18">
         <name>.debug_aranges</name>
         <load_address>0x510</load_address>
         <run_address>0x510</run_address>
         <size>0x20</size>
         <input_file_ref idref="fl-135"/>
      </object_component>
      <object_component id="oc-1e">
[...]
         <value>0x171d</value>
         <object_component_ref idref="oc-b0"/>
      </symbol>
      <symbol id="sm-f1">
         <name>check_flux</name>
         <value>0x1777</value>
         <object_component_ref idref="oc-b0"/>
      </symbol>
      <symbol id="sm-13b">
         <name>GPIO_setDriveStrengthHigh</name>
         <value>0xcd7</value>
         <object_component_ref idref="oc-10c"/>
      </symbol>
      <symbol id="sm-13c">
         <name>GPIO_unregisterInterrupt</name>
         <value>0xd3b</value>
         <object_component_ref idref="oc-10c"/>
      </symbol>
      <symbol id="sm-13d">
         <name>GPIO_setAsInputPin</name>
         <value>0x913</value>
         <object_component_ref idref="oc-10c"/>
      </symbol>
      <symbol id="sm-13e">
         <name>GPIO_setOutputHighOnPin</name>
         <value>0xa61</value>
         <object_component_ref idref="oc-10c"/>
      </symbol>
      <symbol id="sm-13f">
         <name>GPIO_setAsInputPinWithPullDownResistor</name>
         <value>0xac7</value>
         <object_component_ref idref="oc-10c"/>
      </symbol>
      <symbol id="sm-140">
         <name>GPIO_setAsInputPinWithPullUpResistor</name>
         <value>0xb19</value>
         <object_component_ref idref="oc-10c"/>
      </symbol>
      <symbol id="sm-141">
         <name>GPIO_getInterruptStatus</name>
         <value>0xbe5</value>
         <object_component_ref idref="oc-10c"/>
      </symbol>
      <symbol id="sm-142">
         <name>GPIO_enableInterrupt</name>
         <value>0xba1</value>
         <object_component_ref idref="oc-10c"/>
      </symbol>
      <symbol id="sm-143">
         <name>GPIO_getEnabledInterruptStatus</name>
         <value>0xc5b</value>
         <object_component_ref idref="oc-10c"/>
      </symbol>
      <symbol id="sm-144">
         <name>GPIO_setAsOutputPin</name>
         <value>0x8d9</value>
         <object_component_ref idref="oc-10c"/>
      </symbol>
      <symbol id="sm-145">
         <name>GPIO_interruptEdgeSelect</name>
         <value>0xc25</value>
         <object_component_ref idref="oc-10c"/>
      </symbol>
      <symbol id="sm-146">
         <name>GPIO_setDriveStrengthLow</name>
         <value>0xcf9</value>
         <object_component_ref idref="oc-10c"/>
      </symbol>
      <symbol id="sm-147">
         <name>GPIO_setOutputLowOnPin</name>
         <value>0xa83</value>
         <object_component_ref idref="oc-10c"/>
      </symbol>
      <symbol id="sm-148">
         <name>GPIO_clearInterruptFlag</name>
         <value>0xc03</value>
         <object_component_ref idref="oc-10c"/>
      </symbol>
      <symbol id="sm-149">
         <name>GPIO_toggleOutputOnPin</name>
         <value>0xaa5</value>
         <object_component_ref idref="oc-10c"/>
      </symbol>
      <symbol id="sm-14a">
         <name>GPIO_setAsPeripheralModuleFunctionOutputPin</name>
         <value>0x959</value>
         <object_component_ref idref="oc-10c"/>
      </symbol>
      <symbol id="sm-14b">
         <name>GPIO_getInputPinValue</name>
         <value>0xb6b</value>
         <object_component_ref idref="oc-10c"/>
      </symbol>
      <symbol id="sm-14c">
         <name>GPIO_setAsPeripheralModuleFunctionInputPin</name>
         <value>0x9dd</value>
         <object_component_ref idref="oc-10c"/>
      </symbol>
      <symbol id="sm-14d">
         <name>GPIO_registerInterrupt</name>
         <value>0xd1b</value>
         <object_component_ref idref="oc-10c"/>
      </symbol>
      <symbol id="sm-14e">
         <name>GPIO_disableInterrupt</name>
         <value>0xbc3</value>
         <object_component_ref idref="oc-10c"/>
      </symbol>
      <symbol id="sm-1d7">
         <name>I2C_masterSendMultiByteStop</name>
         <value>0x571</value>
         <object_component_ref idref="oc-112"/>
      </symbol>
      <symbol id="sm-1d8">
         <name>I2C_masterReceiveMultiByteStop</name>
         <value>0x6a5</value>
         <object_component_ref idref="oc-112"/>
      </symbol>
      <symbol id="sm-1d9">
         <name>I2C_masterSendMultiByteFinish</name>
         <value>0x4bb</value>
         <object_component_ref idref="oc-112"/>
      </symbol>
      <symbol id="sm-1da">
         <name>I2C_masterSendMultiByteNext</name>
         <value>0x451</value>
         <object_component_ref idref="oc-112"/>
      </symbol>
      <symbol id="sm-1db">
         <name>I2C_disableInterrupt</name>
         <value>0x793</value>
         <object_component_ref idref="oc-112"/>
      </symbol>
      <symbol id="sm-1dc">
         <name>I2C_unregisterInterrupt</name>
         <value>0x863</value>
         <object_component_ref idref="oc-112"/>
      </symbol>
      <symbol id="sm-1dd">
         <name>I2C_masterSendMultiByteStart</name>
         <value>0x3a3</value>
         <object_component_ref idref="oc-112"/>
      </symbol>
      <symbol id="sm-1de">
         <name>I2C_masterSendSingleByte</name>
         <value>0x2ad</value>
         <object_component_ref idref="oc-112"/>
      </symbol>
      <symbol id="sm-1df">
         <name>I2C_getEnabledInterruptStatus</name>
         <value>0x7d7</value>
         <object_component_ref idref="oc-112"/>
      </symbol>
      <symbol id="sm-1e0">
         <name>I2C_masterReceiveMultiByteNext</name>
         <value>0x5f1</value>
         <object_component_ref idref="oc-112"/>
      </symbol>
      <symbol id="sm-1e1">
         <name>I2C_masterSendMultiByteStartWithTimeout</name>
         <value>0x3f1</value>
         <object_component_ref idref="oc-112"/>
      </symbol>
      <symbol id="sm-1e2">
         <name>I2C_getMode</name>
         <value>0x7e7</value>
         <object_component_ref idref="oc-112"/>
      </symbol>
      <symbol id="sm-1e3">
         <name>I2C_getReceiveBufferAddressForDMA</name>
         <value>0x6e3</value>
         <object_component_ref idref="oc-112"/>
      </symbol>
      <symbol id="sm-1e4">
         <name>I2C_masterIsStartSent</name>
         <value>0x711</value>
         <object_component_ref idref="oc-112"/>
      </symbol>
      <symbol id="sm-1e5">
         <name>I2C_getInterruptStatus</name>
         <value>0x7bf</value>
         <object_component_ref idref="oc-112"/>
      </symbol>
      <symbol id="sm-1e6">
         <name>I2C_setMode</name>
         <value>0x221</value>
         <object_component_ref idref="oc-112"/>
      </symbol>
      <symbol id="sm-1e7">
         <name>I2C_slavePutData</name>
         <value>0x271</value>
         <object_component_ref idref="oc-112"/>
      </symbol>
      <symbol id="sm-1e8">
         <name>I2C_masterSendSingleByteWithTimeout</name>
         <value>0x313</value>
         <object_component_ref idref="oc-112"/>
      </symbol>
      <symbol id="sm-1e9">
         <name>I2C_isBusBusy</name>
         <value>0x29b</value>
         <object_component_ref idref="oc-112"/>
      </symbol>
      <symbol id="sm-1ea">
         <name>I2C_enableMultiMasterMode</name>
         <value>0x73d</value>
         <object_component_ref idref="oc-112"/>
      </symbol>
      <symbol id="sm-1eb">
         <name>I2C_masterReceiveMultiByteFinishWithTimeout</name>
         <value>0x647</value>
         <object_component_ref idref="oc-112"/>
      </symbol>
      <symbol id="sm-1ec">
         <name>I2C_masterReceiveMultiByteFinish</name>
         <value>0x609</value>
         <object_component_ref idref="oc-112"/>
      </symbol>
      <symbol id="sm-1ed">
         <name>I2C_enableModule</name>
         <value>0x1e1</value>
         <object_component_ref idref="oc-112"/>
      </symbol>
      <symbol id="sm-1ee">
         <name>I2C_masterReceiveStart</name>
         <value>0x5d7</value>
         <object_component_ref idref="oc-112"/>
      </symbol>
      <symbol id="sm-1ef">
         <name>I2C_clearInterruptFlag</name>
         <value>0x7a9</value>
         <object_component_ref idref="oc-112"/>
      </symbol>
      <symbol id="sm-1f0">
         <name>I2C_initSlave</name>
         <value>0x1a7</value>
         <object_component_ref idref="oc-112"/>
      </symbol>
      <symbol id="sm-1f1">
         <name>I2C_masterIsStopSent</name>
         <value>0x6ff</value>
         <object_component_ref idref="oc-112"/>
      </symbol>
      <symbol id="sm-1f2">
         <name>I2C_masterSendMultiByteFinishWithTimeout</name>
         <value>0x505</value>
         <object_component_ref idref="oc-112"/>
      </symbol>
      <symbol id="sm-1f3">
         <name>I2C_masterReceiveSingle</name>
         <value>0x6b9</value>
         <object_component_ref idref="oc-112"/>
      </symbol>
      <symbol id="sm-1f4">
         <name>I2C_setSlaveAddress</name>
         <value>0x20d</value>
         <object_component_ref idref="oc-112"/>
      </symbol>
      <symbol id="sm-1f5">
         <name>I2C_masterSendStart</name>
         <value>0x729</value>
         <object_component_ref idref="oc-112"/>
      </symbol>
      <symbol id="sm-1f6">
         <name>I2C_initMaster</name>
         <value>0x145</value>
         <object_component_ref idref="oc-112"/>
      </symbol>
      <symbol id="sm-1f7">
         <name>I2C_registerInterrupt</name>
         <value>0x7fd</value>
         <object_component_ref idref="oc-112"/>
      </symbol>
      <symbol id="sm-1f8">
         <name>I2C_slaveGetData</name>
         <value>0x287</value>
         <object_component_ref idref="oc-112"/>
      </symbol>
      <symbol id="sm-1f9">
         <name>I2C_masterSendMultiByteStopWithTimeout</name>
         <value>0x59b</value>
         <object_component_ref idref="oc-112"/>
      </symbol>
      <symbol id="sm-1fa">
         <name>I2C_disableMultiMasterMode</name>
         <value>0x75d</value>
         <object_component_ref idref="oc-112"/>
      </symbol>
      <symbol id="sm-1fb">
         <name>I2C_masterSendMultiByteNextWithTimeout</name>
         <value>0x47d</value>
         <object_component_ref idref="oc-112"/>
      </symbol>
      <symbol id="sm-1fc">
         <name>I2C_enableInterrupt</name>
         <value>0x77d</value>
         <object_component_ref idref="oc-112"/>
      </symbol>
      <symbol id="sm-1fd">
         <name>I2C_masterReceiveSingleByte</name>
         <value>0x23d</value>
         <object_component_ref idref="oc-112"/>
      </symbol>
      <symbol id="sm-1fe">
         <name>I2C_disableModule</name>
         <value>0x1f7</value>
         <object_component_ref idref="oc-112"/>
      </symbol>
      <symbol id="sm-1ff">
         <name>I2C_getTransmitBufferAddressForDMA</name>
         <value>0x6f1</value>
         <object_component_ref idref="oc-112"/>
      </symbol>
      <symbol id="sm-21e">
         <name>init</name>
         <value>0x1151</value>
         <object_component_ref idref="oc-aa"/>
      </symbol>
      <symbol id="sm-28d">
         <name>Interrupt_disableMaster</name>
         <value>0xd73</value>
         <object_component_ref idref="oc-131"/>
      </symbol>
      <symbol id="sm-28e">
         <name>Interrupt_disableInterrupt</name>
         <value>0xf23</value>
         <object_component_ref idref="oc-131"/>
      </symbol>
      <symbol id="sm-28f">
         <name>Interrupt_getPriorityMask</name>
         <value>0x10ef</value>
         <object_component_ref idref="oc-131"/>
      </symbol>
      <symbol id="sm-290">
         <name>Interrupt_unpendInterrupt</name>
         <value>0x1091</value>
         <object_component_ref idref="oc-131"/>
      </symbol>
      <symbol id="sm-291">
         <name>Interrupt_setPriorityMask</name>
         <value>0x10df</value>
         <object_component_ref idref="oc-131"/>
      </symbol>
      <symbol id="sm-292">
         <name>Interrupt_unregisterInterrupt</name>
         <value>0xdd5</value>
         <object_component_ref idref="oc-131"/>
      </symbol>
      <symbol id="sm-293">
         <name>Interrupt_setVectorTableAddress</name>
         <value>0x10f9</value>
         <object_component_ref idref="oc-131"/>
      </symbol>
      <symbol id="sm-294">
         <name>Interrupt_setPriority</name>
         <value>0xe3b</value>
         <object_component_ref idref="oc-131"/>
      </symbol>
      <symbol id="sm-295">
         <name>Interrupt_enableSleepOnIsrExit</name>
         <value>0x110f</value>
         <object_component_ref idref="oc-131"/>
      </symbol>
      <symbol id="sm-296">
         <name>Interrupt_enableMaster</name>
         <value>0xd63</value>
         <object_component_ref idref="oc-131"/>
      </symbol>
      <symbol id="sm-297">
         <name>Interrupt_enableInterrupt</name>
         <value>0xeb1</value>
         <object_component_ref idref="oc-131"/>
      </symbol>
      <symbol id="sm-298">
         <name>Interrupt_getPriority</name>
         <value>0xe8b</value>
         <object_component_ref idref="oc-131"/>
      </symbol>
      <symbol id="sm-299">
         <name>Interrupt_registerInterrupt</name>
         <value>0xd83</value>
         <object_component_ref idref="oc-131"/>
      </symbol>
      <symbol id="sm-29a">
         <name>g_pfnRAMVectors</name>
         <value>0x20000000</value>
         <object_component_ref idref="oc-154"/>
      </symbol>
      <symbol id="sm-29b">
         <name>Interrupt_disableSleepOnIsrExit</name>
         <value>0x1121</value>
         <object_component_ref idref="oc-131"/>
      </symbol>
      <symbol id="sm-29c">
         <name>Interrupt_setPriorityGrouping</name>
         <value>0xde9</value>
         <object_component_ref idref="oc-131"/>
      </symbol>
      <symbol id="sm-29d">
         <name>Interrupt_getPriorityGrouping</name>
         <value>0xe03</value>
         <object_component_ref idref="oc-131"/>
      </symbol>
      <symbol id="sm-29e">
         <name>Interrupt_getVectorTableAddress</name>
         <value>0x1109</value>
         <object_component_ref idref="oc-131"/>
      </symbol>
      <symbol id="sm-29f">
         <name>Interrupt_isEnabled</name>
         <value>0xf95</value>
         <object_component_ref idref="oc-131"/>
      </symbol>
      <symbol id="sm-2a0">
         <name>Interrupt_pendInterrupt</name>
         <value>0x1021</value>
         <object_component_ref idref="oc-131"/>
      </symbol>
      <symbol id="sm-2bc">
         <name>main</name>
         <value>0x1831</value>
         <object_component_ref idref="oc-72"/>
      </symbol>
      <symbol id="sm-2bd">
         <name>ADC14IsrHandler</name>
         <value>0x1891</value>
         <object_component_ref idref="oc-72"/>
      </symbol>
      <symbol id="sm-2be">
         <name>alarm_status</name>
         <value>0x200000f8</value>
         <object_component_ref idref="oc-c2"/>
      </symbol>
      <symbol id="sm-2db">
         <name>interruptVectors</name>
         <value>0x0</value>
         <object_component_ref idref="oc-27"/>
      </symbol>
      <symbol id="sm-2ed">
         <name>_c_int00</name>
         <value>0x1981</value>
         <object_component_ref idref="oc-22"/>
      </symbol>
      <symbol id="sm-2ee">
         <name>__stack</name>
         <value>0x2000fe00</value>
         <object_component_ref idref="oc-2a"/>
      </symbol>
      <symbol id="sm-305">
         <name>__TI_decompress_none</name>
         <value>0x1acd</value>
         <object_component_ref idref="oc-10"/>
      </symbol>
      <symbol id="sm-32d">
         <name>__TI_decompress_rle24</name>
         <value>0x1af3</value>
         <object_component_ref idref="oc-16"/>
      </symbol>
      <symbol id="sm-33f">
         <name>__TI_zero_init</name>
         <value>0x1adb</value>
         <object_component_ref idref="oc-1c"/>
      </symbol>
      <symbol id="sm-35e">
         <name>C$$EXIT</name>
         <value>0x1a1d</value>
         <object_component_ref idref="oc-62"/>
      </symbol>
      <symbol id="sm-35f">
         <name>abort</name>
         <value>0x1a21</value>
         <object_component_ref idref="oc-62"/>
      </symbol>
      <symbol id="sm-360">
         <name>exit</name>
         <value>0x1a29</value>
         <object_component_ref idref="oc-62"/>
      </symbol>
      <symbol id="sm-361">
         <name>__TI_dtors_ptr</name>
         <value>0x200000f0</value>
         <object_component_ref idref="oc-a1"/>
      </symbol>
      <symbol id="sm-362">
         <name>__TI_cleanup_ptr</name>
         <value>0x200000ec</value>
         <object_component_ref idref="oc-a1"/>
      </symbol>
      <symbol id="sm-37d">
         <name>memcpy</name>
         <value>0x1681</value>
         <object_component_ref idref="oc-2b"/>
      </symbol>
      <symbol id="sm-37e">
         <name>__aeabi_memcpy</name>
         <value>0x1681</value>
         <object_component_ref idref="oc-2b"/>
      </symbol>
      <symbol id="sm-37f">
         <name>__aeabi_memcpy8</name>
         <value>0x1681</value>
         <object_component_ref idref="oc-2b"/>
      </symbol>
      <symbol id="sm-380">
         <name>__aeabi_memcpy4</name>
         <value>0x1681</value>
         <object_component_ref idref="oc-2b"/>
      </symbol>
      <symbol id="sm-38f">
         <name>__aeabi_memset</name>
         <value>0x17b7</value>
         <object_component_ref idref="oc-44"/>
      </symbol>
      <symbol id="sm-390">
         <name>memset</name>
         <value>0x17bd</value>
         <object_component_ref idref="oc-44"/>
      </symbol>
      <symbol id="sm-391">
         <name>__aeabi_memset8</name>
         <value>0x17b7</value>
         <object_component_ref idref="oc-44"/>
      </symbol>
      <symbol id="sm-392">
         <name>__aeabi_memset4</name>
         <value>0x17b7</value>
         <object_component_ref idref="oc-44"/>
      </symbol>
      <symbol id="sm-393">
         <name>__aeabi_memclr8</name>
         <value>0x17b5</value>
         <object_component_ref idref="oc-44"/>
      </symbol>
      <symbol id="sm-394">
         <name>__aeabi_memclr4</name>
         <value>0x17b5</value>
         <object_component_ref idref="oc-44"/>
      </symbol>
      <symbol id="sm-395">
         <name>__aeabi_memclr</name>
         <value>0x17b5</value>
         <object_component_ref idref="oc-44"/>
      </symbol>
      <symbol id="sm-39f">
         <name>_system_pre_init</name>
         <value>0x1af9</value>
         <object_component_ref idref="oc-50"/>
      </symbol>
      <symbol id="sm-3a7">
         <name>main_func_sp</name>
         <value>0x200000fc</value>
         <object_component_ref idref="oc-68"/>
      </symbol>
      <symbol id="sm-3c0">
         <name>_nop</name>
         <value>0x1ac7</value>
         <object_component_ref idref="oc-dd"/>
      </symbol>
      <symbol id="sm-3c1">
         <name>_lock</name>
         <value>0x200000e4</value>
         <object_component_ref idref="oc-9e"/>
      </symbol>
      <symbol id="sm-3c2">
         <name>_unlock</name>
         <value>0x200000e8</value>
         <object_component_ref idref="oc-9e"/>
      </symbol>
      <symbol id="sm-3c3">
         <name>_register_lock</name>
         <value>0x1abf</value>
         <object_component_ref idref="oc-dd"/>
      </symbol>
      <symbol id="sm-3c4">
         <name>_register_unlock</name>
         <value>0x1ab9</value>
         <object_component_ref idref="oc-dd"/>
      </symbol>
      <symbol id="sm-3d9">
         <name>_args_main</name>
         <value>0x1aa1</value>
         <object_component_ref idref="oc-5c"/>
      </symbol>
      <symbol id="sm-3ff">
         <name>__TI_auto_init</name>
         <value>0x18a9</value>
         <object_component_ref idref="oc-56"/>
      </symbol>
      <symbol id="sm-419">
         <name>copy_in</name>
         <value>0x19d1</value>
         <object_component_ref idref="oc-94"/>
      </symbol>
      <symbol id="sm-41a">
         <name>__TI_static_base__</name>
         <value>0x0</value>
      </symbol>
      <symbol id="sm-41d">
         <name>SHT$$INIT_ARRAY$$Limit</name>
         <value>0x0</value>
      </symbol>
      <symbol id="sm-41e">
         <name>SHT$$INIT_ARRAY$$Base</name>
         <value>0x0</value>
      </symbol>
   </symbol_table>
   <title>Link successful</title>
</link_info>
