******************************************************************************
                  TI ARM Linker Unix v5.2.6                    
******************************************************************************
>> Linked Mon Mar 14 17:55:50 2016

OUTPUT FILE NAME:   <ece461_p2.out>
ENTRY POINT SYMBOL: "_c_int00"  address: 000005d1


MEMORY CONFIGURATION

         name            origin    length      used     unused   attr    fill
----------------------  --------  ---------  --------  --------  ----  --------
  MAIN                  00000000   00040000  00000720  0003f8e0  R  X
  INFO                  00200000   00004000  00000000  00004000  R  X
  SRAM_CODE             01000000   00010000  00000000  00010000  RW X
  SRAM_DATA             20000000   00010000  00000214  0000fdec  RW  


SEGMENT ALLOCATION MAP

run origin  load origin   length   init length attrs members
----------  ----------- ---------- ----------- ----- -------
00000000    00000000    00000720   00000720    r-x
  00000000    00000000    00000144   00000144    r-- .intvecs
  00000144    00000144    000005bc   000005bc    r-x .text
  00000700    00000700    00000020   00000020    r-- .cinit
20000000    20000000    00000014   00000000    rw-
  20000000    20000000    00000014   00000000    rw- .data
2000fe00    2000fe00    00000200   00000000    rw-
  2000fe00    2000fe00    00000200   00000000    rw- .stack


SECTION ALLOCATION MAP

 output                                  attributes/
section   page    origin      length       input sections
--------  ----  ----------  ----------   ----------------
.intvecs   0    00000000    00000144     
                  00000000    00000144     msp432_startup_ccs.obj (.intvecs:retain)

.text      0    00000144    000005bc     
                  00000144    00000158     main.obj (.text)
                  0000029c    00000144     doorbell.obj (.text)
                  000003e0    0000009c     rtsv7M4_T_le_v4SPD16_eabi.lib : memcpy_t2.obj (.text)
                  0000047c    0000007a                                   : memset_t2.obj (.text)
                  000004f6    00000002     --HOLE-- [fill = 0]
                  000004f8    0000006c                                   : autoinit.obj (.text)
                  00000564    0000006a                                   : copy_decompress_rle.obj (.text)
                  000005ce    00000002     --HOLE-- [fill = 0]
                  000005d0    00000050                                   : boot.obj (.text)
                  00000620    0000004c                                   : cpy_tbl.obj (.text)
                  0000066c    00000044                                   : exit.obj (.text)
                  000006b0    00000018                                   : args_main.obj (.text)
                  000006c8    00000014                                   : _lock.obj (.text)
                  000006dc    0000000e                                   : copy_decompress_none.obj (.text:decompress:none)
                  000006ea    0000000c     msp432_startup_ccs.obj (.text)
                  000006f6    00000006     rtsv7M4_T_le_v4SPD16_eabi.lib : copy_decompress_rle.obj (.text:decompress:rle24)
                  000006fc    00000004                                   : pre_init.obj (.text)

.cinit     0    00000700    00000020     
                  00000700    0000000f     (.cinit..data.load) [load image, compression = rle]
                  0000070f    00000001     --HOLE-- [fill = 0]
                  00000710    00000008     (__TI_handler_table)
                  00000718    00000008     (__TI_cinit_table)

.init_array 
*          0    00000000    00000000     UNINITIALIZED

.data      0    20000000    00000014     UNINITIALIZED
                  20000000    00000008     rtsv7M4_T_le_v4SPD16_eabi.lib : _lock.obj (.data)
                  20000008    00000008                                   : exit.obj (.data)
                  20000010    00000004                                   : stkdepth_vars.obj (.data)

.stack     0    2000fe00    00000200     UNINITIALIZED
                  2000fe00    00000200     --HOLE--

.TI.persistent 
*          0    20000000    00000000     UNINITIALIZED


LINKER GENERATED COPY TABLES

__TI_cinit_table @ 00000718 records: 1, size/record: 8, table size: 8
	.data: load addr=00000700, load size=0000000f bytes, run addr=20000000, run size=00000014 bytes, compression=rle


LINKER GENERATED HANDLER TABLE

__TI_handler_table @ 00000710 records: 2, size/record: 4, table size: 8
	index: 0, handler: __TI_decompress_rle24
	index: 1, handler: __TI_decompress_none


GLOBAL SYMBOLS: SORTED ALPHABETICALLY BY Name 

address   name                    
-------   ----                    
00000243  ADC14IsrHandler         
0000066d  C$$EXIT                 
UNDEFED   SHT$$INIT_ARRAY$$Base   
UNDEFED   SHT$$INIT_ARRAY$$Limit  
4000480c  WDTCTL_SYM              
20010000  __STACK_END             
00000200  __STACK_SIZE            
00000718  __TI_CINIT_Base         
00000720  __TI_CINIT_Limit        
00000710  __TI_Handler_Table_Base 
00000718  __TI_Handler_Table_Limit
000004f9  __TI_auto_init          
20000008  __TI_cleanup_ptr        
000006dd  __TI_decompress_none    
000006f7  __TI_decompress_rle24   
2000000c  __TI_dtors_ptr          
00000000  __TI_static_base__      
0000047d  __aeabi_memclr          
0000047d  __aeabi_memclr4         
0000047d  __aeabi_memclr8         
000003e1  __aeabi_memcpy          
000003e1  __aeabi_memcpy4         
000003e1  __aeabi_memcpy8         
0000047f  __aeabi_memset          
0000047f  __aeabi_memset4         
0000047f  __aeabi_memset8         
ffffffff  __binit__               
ffffffff  __c_args__              
2000fe00  __stack                 
000006b1  _args_main              
000005d1  _c_int00                
20000000  _lock                   
000006d7  _nop                    
000006cf  _register_lock          
000006c9  _register_unlock        
000006fd  _system_pre_init        
20000004  _unlock                 
00000671  abort                   
000002cb  bell                    
ffffffff  binit                   
00000621  copy_in                 
00000679  exit                    
00000000  interruptVectors        
00000145  main                    
20000010  main_func_sp            
000003e1  memcpy                  
00000485  memset                  
000002a1  ring_doorbell           


GLOBAL SYMBOLS: SORTED BY Symbol Address 

address   name                    
-------   ----                    
00000000  __TI_static_base__      
00000000  interruptVectors        
00000145  main                    
00000200  __STACK_SIZE            
00000243  ADC14IsrHandler         
000002a1  ring_doorbell           
000002cb  bell                    
000003e1  __aeabi_memcpy          
000003e1  __aeabi_memcpy4         
000003e1  __aeabi_memcpy8         
000003e1  memcpy                  
0000047d  __aeabi_memclr          
0000047d  __aeabi_memclr4         
0000047d  __aeabi_memclr8         
0000047f  __aeabi_memset          
0000047f  __aeabi_memset4         
0000047f  __aeabi_memset8         
00000485  memset                  
000004f9  __TI_auto_init          
000005d1  _c_int00                
00000621  copy_in                 
0000066d  C$$EXIT                 
00000671  abort                   
00000679  exit                    
000006b1  _args_main              
000006c9  _register_unlock        
000006cf  _register_lock          
000006d7  _nop                    
000006dd  __TI_decompress_none    
000006f7  __TI_decompress_rle24   
000006fd  _system_pre_init        
00000710  __TI_Handler_Table_Base 
00000718  __TI_CINIT_Base         
00000718  __TI_Handler_Table_Limit
00000720  __TI_CINIT_Limit        
20000000  _lock                   
20000004  _unlock                 
20000008  __TI_cleanup_ptr        
2000000c  __TI_dtors_ptr          
20000010  main_func_sp            
2000fe00  __stack                 
20010000  __STACK_END             
4000480c  WDTCTL_SYM              
ffffffff  __binit__               
ffffffff  __c_args__              
ffffffff  binit                   
UNDEFED   SHT$$INIT_ARRAY$$Base   
UNDEFED   SHT$$INIT_ARRAY$$Limit  

[48 symbols]
