******************************************************************************
                  TI ARM Linker Unix v5.2.6                    
******************************************************************************
>> Linked Wed Mar 16 03:24:02 2016

OUTPUT FILE NAME:   <ece461_p2.out>
ENTRY POINT SYMBOL: "_c_int00"  address: 000019ad


MEMORY CONFIGURATION

         name            origin    length      used     unused   attr    fill
----------------------  --------  ---------  --------  --------  ----  --------
  MAIN                  00000000   00040000  00001c50  0003e3b0  R  X
  INFO                  00200000   00004000  00000000  00004000  R  X
  SRAM_CODE             01000000   00010000  00000000  00010000  RW X
  SRAM_DATA             20000000   00010000  00000304  0000fcfc  RW  


SEGMENT ALLOCATION MAP

run origin  load origin   length   init length attrs members
----------  ----------- ---------- ----------- ----- -------
00000000    00000000    00001c50   00001c50    r-x
  00000000    00000000    00000144   00000144    r-- .intvecs
  00000144    00000144    000019e4   000019e4    r-x .text
  00001b28    00001b28    000000f0   000000f0    r-- .const
  00001c18    00001c18    00000038   00000038    r-- .cinit
20000000    20000000    00000104   00000000    rw-
  20000000    20000000    000000e4   00000000    rw- .vtable
  200000e4    200000e4    00000020   00000000    rw- .data
2000fe00    2000fe00    00000200   00000000    rw-
  2000fe00    2000fe00    00000200   00000000    rw- .stack


SECTION ALLOCATION MAP

 output                                  attributes/
section   page    origin      length       input sections
--------  ----  ----------  ----------   ----------------
.intvecs   0    00000000    00000144     
                  00000000    00000144     msp432_startup_ccs.obj (.intvecs:retain)

.text      0    00000144    000019e4     
                  00000144    00000794     i2c.obj (.text)
                  000008d8    00000488     gpio.obj (.text)
                  00000d60    000003f0     interrupt.obj (.text)
                  00001150    00000180     init.obj (.text)
                  000012d0    0000013c     HAL_OPT3001.obj (.text)
                  0000140c    00000118     HAL_I2C.obj (.text)
                  00001524    000000f0     alarm.obj (.text)
                  00001614    000000bc     fire_alarm.obj (.text)
                  000016d0    0000009c     rtsv7M4_T_le_v4SPD16_eabi.lib : memcpy_t2.obj (.text)
                  0000176c    00000088     doorbell.obj (.text)
                  000017f4    0000007a     rtsv7M4_T_le_v4SPD16_eabi.lib : memset_t2.obj (.text)
                  0000186e    00000002     --HOLE-- [fill = 0]
                  00001870    0000006c                                   : autoinit.obj (.text)
                  000018dc    0000006a                                   : copy_decompress_rle.obj (.text)
                  00001946    00000002     --HOLE-- [fill = 0]
                  00001948    00000064     main.obj (.text)
                  000019ac    00000050     rtsv7M4_T_le_v4SPD16_eabi.lib : boot.obj (.text)
                  000019fc    0000004c                                   : cpy_tbl.obj (.text)
                  00001a48    00000044                                   : exit.obj (.text)
                  00001a8c    0000003e     cpu.obj (.text)
                  00001aca    00000002     --HOLE-- [fill = 0]
                  00001acc    00000018     rtsv7M4_T_le_v4SPD16_eabi.lib : args_main.obj (.text)
                  00001ae4    00000014                                   : _lock.obj (.text)
                  00001af8    0000000e                                   : copy_decompress_none.obj (.text:decompress:none)
                  00001b06    0000000c                                   : copy_zero_init.obj (.text:decompress:ZI)
                  00001b12    0000000c     msp432_startup_ccs.obj (.text)
                  00001b1e    00000006     rtsv7M4_T_le_v4SPD16_eabi.lib : copy_decompress_rle.obj (.text:decompress:rle24)
                  00001b24    00000004                                   : pre_init.obj (.text)

.const     0    00001b28    000000f0     
                  00001b28    00000050     interrupt.obj (.const:g_pulRegs)
                  00001b78    00000040     interrupt.obj (.const)
                  00001bb8    00000030     gpio.obj (.const:GPIO_PORT_TO_BASE)
                  00001be8    0000001c     gpio.obj (.const)
                  00001c04    00000014     HAL_I2C.obj (.const)

.cinit     0    00001c18    00000038     
                  00001c18    0000000f     (.cinit..data.load) [load image, compression = rle]
                  00001c27    00000001     --HOLE-- [fill = 0]
                  00001c28    0000000c     (__TI_handler_table)
                  00001c34    00000004     --HOLE-- [fill = 0]
                  00001c38    00000008     (.cinit..vtable.load) [load image, compression = zero_init]
                  00001c40    00000010     (__TI_cinit_table)

.init_array 
*          0    00000000    00000000     UNINITIALIZED

.vtable    0    20000000    000000e4     UNINITIALIZED
                  20000000    000000e4     interrupt.obj (.vtable)

.data      0    200000e4    00000020     UNINITIALIZED
                  200000e4    00000008     rtsv7M4_T_le_v4SPD16_eabi.lib : _lock.obj (.data)
                  200000ec    00000008                                   : exit.obj (.data)
                  200000f4    00000004     alarm.obj (.data)
                  200000f8    00000004     fire_alarm.obj (.data)
                  200000fc    00000004     main.obj (.data)
                  20000100    00000004     rtsv7M4_T_le_v4SPD16_eabi.lib : stkdepth_vars.obj (.data)

.stack     0    2000fe00    00000200     UNINITIALIZED
                  2000fe00    00000200     --HOLE--

.TI.persistent 
*          0    200000e4    00000000     UNINITIALIZED


LINKER GENERATED COPY TABLES

__TI_cinit_table @ 00001c40 records: 2, size/record: 8, table size: 16
	.data: load addr=00001c18, load size=0000000f bytes, run addr=200000e4, run size=00000020 bytes, compression=rle
	.vtable: load addr=00001c38, load size=00000008 bytes, run addr=20000000, run size=000000e4 bytes, compression=zero_init


LINKER GENERATED HANDLER TABLE

__TI_handler_table @ 00001c28 records: 3, size/record: 4, table size: 12
	index: 0, handler: __TI_zero_init
	index: 1, handler: __TI_decompress_rle24
	index: 2, handler: __TI_decompress_none


GLOBAL SYMBOLS: SORTED ALPHABETICALLY BY Name 

address   name                                       
-------   ----                                       
00001993  ADC14IsrHandler                            
00001a49  C$$EXIT                                    
00001ac1  CPU_basepriGet                             
00001ab3  CPU_basepriSet                             
00001a8d  CPU_cpsid                                  
00001aa3  CPU_cpsie                                  
00001a99  CPU_primask                                
00001aaf  CPU_wfi                                    
00000c03  GPIO_clearInterruptFlag                    
00000bc3  GPIO_disableInterrupt                      
00000ba1  GPIO_enableInterrupt                       
00000c5b  GPIO_getEnabledInterruptStatus             
00000b6b  GPIO_getInputPinValue                      
00000be5  GPIO_getInterruptStatus                    
00000c25  GPIO_interruptEdgeSelect                   
00000d1b  GPIO_registerInterrupt                     
00000913  GPIO_setAsInputPin                         
00000ac7  GPIO_setAsInputPinWithPullDownResistor     
00000b19  GPIO_setAsInputPinWithPullUpResistor       
000008d9  GPIO_setAsOutputPin                        
000009dd  GPIO_setAsPeripheralModuleFunctionInputPin 
00000959  GPIO_setAsPeripheralModuleFunctionOutputPin
00000cd7  GPIO_setDriveStrengthHigh                  
00000cf9  GPIO_setDriveStrengthLow                   
00000a61  GPIO_setOutputHighOnPin                    
00000a83  GPIO_setOutputLowOnPin                     
00000aa5  GPIO_toggleOutputOnPin                     
00000d3b  GPIO_unregisterInterrupt                   
000007a9  I2C_clearInterruptFlag                     
00000793  I2C_disableInterrupt                       
000001f7  I2C_disableModule                          
0000075d  I2C_disableMultiMasterMode                 
0000077d  I2C_enableInterrupt                        
000001e1  I2C_enableModule                           
0000073d  I2C_enableMultiMasterMode                  
000007d7  I2C_getEnabledInterruptStatus              
000007bf  I2C_getInterruptStatus                     
000007e7  I2C_getMode                                
000006e3  I2C_getReceiveBufferAddressForDMA          
000006f1  I2C_getTransmitBufferAddressForDMA         
00001425  I2C_init                                   
00000145  I2C_initMaster                             
000001a7  I2C_initSlave                              
0000029b  I2C_isBusBusy                              
00000711  I2C_masterIsStartSent                      
000006ff  I2C_masterIsStopSent                       
00000609  I2C_masterReceiveMultiByteFinish           
00000647  I2C_masterReceiveMultiByteFinishWithTimeout
000005f1  I2C_masterReceiveMultiByteNext             
000006a5  I2C_masterReceiveMultiByteStop             
000006b9  I2C_masterReceiveSingle                    
0000023d  I2C_masterReceiveSingleByte                
000005d7  I2C_masterReceiveStart                     
000004bb  I2C_masterSendMultiByteFinish              
00000505  I2C_masterSendMultiByteFinishWithTimeout   
00000451  I2C_masterSendMultiByteNext                
0000047d  I2C_masterSendMultiByteNextWithTimeout     
000003a3  I2C_masterSendMultiByteStart               
000003f1  I2C_masterSendMultiByteStartWithTimeout    
00000571  I2C_masterSendMultiByteStop                
0000059b  I2C_masterSendMultiByteStopWithTimeout     
000002ad  I2C_masterSendSingleByte                   
00000313  I2C_masterSendSingleByteWithTimeout        
00000729  I2C_masterSendStart                        
0000143d  I2C_read16                                 
000007fd  I2C_registerInterrupt                      
00000221  I2C_setMode                                
0000020d  I2C_setSlaveAddress                        
00001507  I2C_setslave                               
00000287  I2C_slaveGetData                           
00000271  I2C_slavePutData                           
00000863  I2C_unregisterInterrupt                    
000014c3  I2C_write16                                
0000140d  Init_I2C_GPIO                              
00000f23  Interrupt_disableInterrupt                 
00000d73  Interrupt_disableMaster                    
00001121  Interrupt_disableSleepOnIsrExit            
00000eb1  Interrupt_enableInterrupt                  
00000d63  Interrupt_enableMaster                     
0000110f  Interrupt_enableSleepOnIsrExit             
00000e8b  Interrupt_getPriority                      
00000e03  Interrupt_getPriorityGrouping              
000010ef  Interrupt_getPriorityMask                  
00001109  Interrupt_getVectorTableAddress            
00000f95  Interrupt_isEnabled                        
00001021  Interrupt_pendInterrupt                    
00000d83  Interrupt_registerInterrupt                
00000e3b  Interrupt_setPriority                      
00000de9  Interrupt_setPriorityGrouping              
000010df  Interrupt_setPriorityMask                  
000010f9  Interrupt_setVectorTableAddress            
00001091  Interrupt_unpendInterrupt                  
00000dd5  Interrupt_unregisterInterrupt              
00001335  OPT3001_getLux                             
000012d1  OPT3001_init                               
00001305  OPT3001_readConfigReg                      
000012f5  OPT3001_readDeviceId                       
00001325  OPT3001_readHighLimitReg                   
00001315  OPT3001_readLowLimitReg                    
000012e5  OPT3001_readManufacturerId                 
UNDEFED   SHT$$INIT_ARRAY$$Base                      
UNDEFED   SHT$$INIT_ARRAY$$Limit                     
4000480c  WDTCTL_SYM                                 
20010000  __STACK_END                                
00000200  __STACK_SIZE                               
00001c40  __TI_CINIT_Base                            
00001c50  __TI_CINIT_Limit                           
00001c28  __TI_Handler_Table_Base                    
00001c34  __TI_Handler_Table_Limit                   
00001871  __TI_auto_init                             
200000ec  __TI_cleanup_ptr                           
00001af9  __TI_decompress_none                       
00001b1f  __TI_decompress_rle24                      
200000f0  __TI_dtors_ptr                             
00000000  __TI_static_base__                         
00001b07  __TI_zero_init                             
000017f5  __aeabi_memclr                             
000017f5  __aeabi_memclr4                            
000017f5  __aeabi_memclr8                            
000016d1  __aeabi_memcpy                             
000016d1  __aeabi_memcpy4                            
000016d1  __aeabi_memcpy8                            
000017f7  __aeabi_memset                             
000017f7  __aeabi_memset4                            
000017f7  __aeabi_memset8                            
ffffffff  __binit__                                  
ffffffff  __c_args__                                 
2000fe00  __stack                                    
00001acd  _args_main                                 
000019ad  _c_int00                                   
200000e4  _lock                                      
00001af3  _nop                                       
00001aeb  _register_lock                             
00001ae5  _register_unlock                           
00001b25  _system_pre_init                           
200000e8  _unlock                                    
00001a4d  abort                                      
00001585  alarm_button                               
200000fc  alarm_status                               
200000f4  badguy_here                                
ffffffff  binit                                      
0000156d  burglar_alarm                              
0000154f  burglar_here                               
0000166f  check_flux                                 
000019fd  copy_in                                    
00001a55  exit                                       
200000f8  fire                                       
00001615  fire_alarm                                 
20000000  g_pfnRAMVectors                            
00001c04  i2cConfig                                  
00001243  init                                       
000011fb  init_adc                                   
00001233  init_i2c                                   
00001151  init_ports                                 
000011e9  init_timer_a0                              
00000000  interruptVectors                           
00001949  main                                       
20000100  main_func_sp                               
000016d1  memcpy                                     
000017fd  memset                                     
000016ab  on_fire                                    
0000176d  ring_doorbell                              
00001529  sample_mic                                 


GLOBAL SYMBOLS: SORTED BY Symbol Address 

address   name                                       
-------   ----                                       
00000000  __TI_static_base__                         
00000000  interruptVectors                           
00000145  I2C_initMaster                             
000001a7  I2C_initSlave                              
000001e1  I2C_enableModule                           
000001f7  I2C_disableModule                          
00000200  __STACK_SIZE                               
0000020d  I2C_setSlaveAddress                        
00000221  I2C_setMode                                
0000023d  I2C_masterReceiveSingleByte                
00000271  I2C_slavePutData                           
00000287  I2C_slaveGetData                           
0000029b  I2C_isBusBusy                              
000002ad  I2C_masterSendSingleByte                   
00000313  I2C_masterSendSingleByteWithTimeout        
000003a3  I2C_masterSendMultiByteStart               
000003f1  I2C_masterSendMultiByteStartWithTimeout    
00000451  I2C_masterSendMultiByteNext                
0000047d  I2C_masterSendMultiByteNextWithTimeout     
000004bb  I2C_masterSendMultiByteFinish              
00000505  I2C_masterSendMultiByteFinishWithTimeout   
00000571  I2C_masterSendMultiByteStop                
0000059b  I2C_masterSendMultiByteStopWithTimeout     
000005d7  I2C_masterReceiveStart                     
000005f1  I2C_masterReceiveMultiByteNext             
00000609  I2C_masterReceiveMultiByteFinish           
00000647  I2C_masterReceiveMultiByteFinishWithTimeout
000006a5  I2C_masterReceiveMultiByteStop             
000006b9  I2C_masterReceiveSingle                    
000006e3  I2C_getReceiveBufferAddressForDMA          
000006f1  I2C_getTransmitBufferAddressForDMA         
000006ff  I2C_masterIsStopSent                       
00000711  I2C_masterIsStartSent                      
00000729  I2C_masterSendStart                        
0000073d  I2C_enableMultiMasterMode                  
0000075d  I2C_disableMultiMasterMode                 
0000077d  I2C_enableInterrupt                        
00000793  I2C_disableInterrupt                       
000007a9  I2C_clearInterruptFlag                     
000007bf  I2C_getInterruptStatus                     
000007d7  I2C_getEnabledInterruptStatus              
000007e7  I2C_getMode                                
000007fd  I2C_registerInterrupt                      
00000863  I2C_unregisterInterrupt                    
000008d9  GPIO_setAsOutputPin                        
00000913  GPIO_setAsInputPin                         
00000959  GPIO_setAsPeripheralModuleFunctionOutputPin
000009dd  GPIO_setAsPeripheralModuleFunctionInputPin 
00000a61  GPIO_setOutputHighOnPin                    
00000a83  GPIO_setOutputLowOnPin                     
00000aa5  GPIO_toggleOutputOnPin                     
00000ac7  GPIO_setAsInputPinWithPullDownResistor     
00000b19  GPIO_setAsInputPinWithPullUpResistor       
00000b6b  GPIO_getInputPinValue                      
00000ba1  GPIO_enableInterrupt                       
00000bc3  GPIO_disableInterrupt                      
00000be5  GPIO_getInterruptStatus                    
00000c03  GPIO_clearInterruptFlag                    
00000c25  GPIO_interruptEdgeSelect                   
00000c5b  GPIO_getEnabledInterruptStatus             
00000cd7  GPIO_setDriveStrengthHigh                  
00000cf9  GPIO_setDriveStrengthLow                   
00000d1b  GPIO_registerInterrupt                     
00000d3b  GPIO_unregisterInterrupt                   
00000d63  Interrupt_enableMaster                     
00000d73  Interrupt_disableMaster                    
00000d83  Interrupt_registerInterrupt                
00000dd5  Interrupt_unregisterInterrupt              
00000de9  Interrupt_setPriorityGrouping              
00000e03  Interrupt_getPriorityGrouping              
00000e3b  Interrupt_setPriority                      
00000e8b  Interrupt_getPriority                      
00000eb1  Interrupt_enableInterrupt                  
00000f23  Interrupt_disableInterrupt                 
00000f95  Interrupt_isEnabled                        
00001021  Interrupt_pendInterrupt                    
00001091  Interrupt_unpendInterrupt                  
000010df  Interrupt_setPriorityMask                  
000010ef  Interrupt_getPriorityMask                  
000010f9  Interrupt_setVectorTableAddress            
00001109  Interrupt_getVectorTableAddress            
0000110f  Interrupt_enableSleepOnIsrExit             
00001121  Interrupt_disableSleepOnIsrExit            
00001151  init_ports                                 
000011e9  init_timer_a0                              
000011fb  init_adc                                   
00001233  init_i2c                                   
00001243  init                                       
000012d1  OPT3001_init                               
000012e5  OPT3001_readManufacturerId                 
000012f5  OPT3001_readDeviceId                       
00001305  OPT3001_readConfigReg                      
00001315  OPT3001_readLowLimitReg                    
00001325  OPT3001_readHighLimitReg                   
00001335  OPT3001_getLux                             
0000140d  Init_I2C_GPIO                              
00001425  I2C_init                                   
0000143d  I2C_read16                                 
000014c3  I2C_write16                                
00001507  I2C_setslave                               
00001529  sample_mic                                 
0000154f  burglar_here                               
0000156d  burglar_alarm                              
00001585  alarm_button                               
00001615  fire_alarm                                 
0000166f  check_flux                                 
000016ab  on_fire                                    
000016d1  __aeabi_memcpy                             
000016d1  __aeabi_memcpy4                            
000016d1  __aeabi_memcpy8                            
000016d1  memcpy                                     
0000176d  ring_doorbell                              
000017f5  __aeabi_memclr                             
000017f5  __aeabi_memclr4                            
000017f5  __aeabi_memclr8                            
000017f7  __aeabi_memset                             
000017f7  __aeabi_memset4                            
000017f7  __aeabi_memset8                            
000017fd  memset                                     
00001871  __TI_auto_init                             
00001949  main                                       
00001993  ADC14IsrHandler                            
000019ad  _c_int00                                   
000019fd  copy_in                                    
00001a49  C$$EXIT                                    
00001a4d  abort                                      
00001a55  exit                                       
00001a8d  CPU_cpsid                                  
00001a99  CPU_primask                                
00001aa3  CPU_cpsie                                  
00001aaf  CPU_wfi                                    
00001ab3  CPU_basepriSet                             
00001ac1  CPU_basepriGet                             
00001acd  _args_main                                 
00001ae5  _register_unlock                           
00001aeb  _register_lock                             
00001af3  _nop                                       
00001af9  __TI_decompress_none                       
00001b07  __TI_zero_init                             
00001b1f  __TI_decompress_rle24                      
00001b25  _system_pre_init                           
00001c04  i2cConfig                                  
00001c28  __TI_Handler_Table_Base                    
00001c34  __TI_Handler_Table_Limit                   
00001c40  __TI_CINIT_Base                            
00001c50  __TI_CINIT_Limit                           
20000000  g_pfnRAMVectors                            
200000e4  _lock                                      
200000e8  _unlock                                    
200000ec  __TI_cleanup_ptr                           
200000f0  __TI_dtors_ptr                             
200000f4  badguy_here                                
200000f8  fire                                       
200000fc  alarm_status                               
20000100  main_func_sp                               
2000fe00  __stack                                    
20010000  __STACK_END                                
4000480c  WDTCTL_SYM                                 
ffffffff  __binit__                                  
ffffffff  __c_args__                                 
ffffffff  binit                                      
UNDEFED   SHT$$INIT_ARRAY$$Base                      
UNDEFED   SHT$$INIT_ARRAY$$Limit                     

[163 symbols]
